../ECUAL/LCD16x2/../../util/DWT_Delay.h:23:22:DWT_Delay_us	24	static
../ECUAL/LCD16x2/../../util/DWT_Delay.h:32:22:DWT_Delay_ms	24	static
../ECUAL/LCD16x2/LCD16x2.c:20:6:LCD_DATA	16	static
../ECUAL/LCD16x2/LCD16x2.c:39:6:LCD_CMD	16	static
../ECUAL/LCD16x2/LCD16x2.c:51:6:LCD_Clear	8	static
../ECUAL/LCD16x2/LCD16x2.c:56:6:LCD_Set_Cursor	24	static
../ECUAL/LCD16x2/LCD16x2.c:77:6:LCD_Init	48	static
../ECUAL/LCD16x2/LCD16x2.c:125:6:LCD_Write_Char	24	static
../ECUAL/LCD16x2/LCD16x2.c:145:6:LCD_Write_String	24	static
../ECUAL/LCD16x2/LCD16x2.c:151:6:LCD_SL	8	static
../ECUAL/LCD16x2/LCD16x2.c:157:6:LCD_SR	8	static
