Archive member included to satisfy reference by file (symbol)

/opt/st/stm32cubeide_1.13.2/plugins/com.st.stm32cube.ide.mcu.externaltools.gnu-tools-for-stm32.11.3.rel1.linux64_1.1.1.202309131626/tools/bin/../lib/gcc/arm-none-eabi/11.3.1/../../../../arm-none-eabi/lib/thumb/v7e-m+fp/hard/libc_nano.a(libc_a-exit.o)
                              /opt/st/stm32cubeide_1.13.2/plugins/com.st.stm32cube.ide.mcu.externaltools.gnu-tools-for-stm32.11.3.rel1.linux64_1.1.1.202309131626/tools/bin/../lib/gcc/arm-none-eabi/11.3.1/../../../../arm-none-eabi/lib/thumb/v7e-m+fp/hard/crt0.o (exit)
/opt/st/stm32cubeide_1.13.2/plugins/com.st.stm32cube.ide.mcu.externaltools.gnu-tools-for-stm32.11.3.rel1.linux64_1.1.1.202309131626/tools/bin/../lib/gcc/arm-none-eabi/11.3.1/../../../../arm-none-eabi/lib/thumb/v7e-m+fp/hard/libc_nano.a(libc_a-findfp.o)
                              /opt/st/stm32cubeide_1.13.2/plugins/com.st.stm32cube.ide.mcu.externaltools.gnu-tools-for-stm32.11.3.rel1.linux64_1.1.1.202309131626/tools/bin/../lib/gcc/arm-none-eabi/11.3.1/../../../../arm-none-eabi/lib/thumb/v7e-m+fp/hard/libc_nano.a(libc_a-exit.o) (__stdio_exit_handler)
/opt/st/stm32cubeide_1.13.2/plugins/com.st.stm32cube.ide.mcu.externaltools.gnu-tools-for-stm32.11.3.rel1.linux64_1.1.1.202309131626/tools/bin/../lib/gcc/arm-none-eabi/11.3.1/../../../../arm-none-eabi/lib/thumb/v7e-m+fp/hard/libc_nano.a(libc_a-fwalk.o)
                              /opt/st/stm32cubeide_1.13.2/plugins/com.st.stm32cube.ide.mcu.externaltools.gnu-tools-for-stm32.11.3.rel1.linux64_1.1.1.202309131626/tools/bin/../lib/gcc/arm-none-eabi/11.3.1/../../../../arm-none-eabi/lib/thumb/v7e-m+fp/hard/libc_nano.a(libc_a-findfp.o) (_fwalk_sglue)
/opt/st/stm32cubeide_1.13.2/plugins/com.st.stm32cube.ide.mcu.externaltools.gnu-tools-for-stm32.11.3.rel1.linux64_1.1.1.202309131626/tools/bin/../lib/gcc/arm-none-eabi/11.3.1/../../../../arm-none-eabi/lib/thumb/v7e-m+fp/hard/libc_nano.a(libc_a-stdio.o)
                              /opt/st/stm32cubeide_1.13.2/plugins/com.st.stm32cube.ide.mcu.externaltools.gnu-tools-for-stm32.11.3.rel1.linux64_1.1.1.202309131626/tools/bin/../lib/gcc/arm-none-eabi/11.3.1/../../../../arm-none-eabi/lib/thumb/v7e-m+fp/hard/libc_nano.a(libc_a-findfp.o) (__sread)
/opt/st/stm32cubeide_1.13.2/plugins/com.st.stm32cube.ide.mcu.externaltools.gnu-tools-for-stm32.11.3.rel1.linux64_1.1.1.202309131626/tools/bin/../lib/gcc/arm-none-eabi/11.3.1/../../../../arm-none-eabi/lib/thumb/v7e-m+fp/hard/libc_nano.a(libc_a-memset.o)
                              /opt/st/stm32cubeide_1.13.2/plugins/com.st.stm32cube.ide.mcu.externaltools.gnu-tools-for-stm32.11.3.rel1.linux64_1.1.1.202309131626/tools/bin/../lib/gcc/arm-none-eabi/11.3.1/../../../../arm-none-eabi/lib/thumb/v7e-m+fp/hard/crt0.o (memset)
/opt/st/stm32cubeide_1.13.2/plugins/com.st.stm32cube.ide.mcu.externaltools.gnu-tools-for-stm32.11.3.rel1.linux64_1.1.1.202309131626/tools/bin/../lib/gcc/arm-none-eabi/11.3.1/../../../../arm-none-eabi/lib/thumb/v7e-m+fp/hard/libc_nano.a(libc_a-closer.o)
                              /opt/st/stm32cubeide_1.13.2/plugins/com.st.stm32cube.ide.mcu.externaltools.gnu-tools-for-stm32.11.3.rel1.linux64_1.1.1.202309131626/tools/bin/../lib/gcc/arm-none-eabi/11.3.1/../../../../arm-none-eabi/lib/thumb/v7e-m+fp/hard/libc_nano.a(libc_a-stdio.o) (_close_r)
/opt/st/stm32cubeide_1.13.2/plugins/com.st.stm32cube.ide.mcu.externaltools.gnu-tools-for-stm32.11.3.rel1.linux64_1.1.1.202309131626/tools/bin/../lib/gcc/arm-none-eabi/11.3.1/../../../../arm-none-eabi/lib/thumb/v7e-m+fp/hard/libc_nano.a(libc_a-reent.o)
                              /opt/st/stm32cubeide_1.13.2/plugins/com.st.stm32cube.ide.mcu.externaltools.gnu-tools-for-stm32.11.3.rel1.linux64_1.1.1.202309131626/tools/bin/../lib/gcc/arm-none-eabi/11.3.1/../../../../arm-none-eabi/lib/thumb/v7e-m+fp/hard/libc_nano.a(libc_a-closer.o) (errno)
/opt/st/stm32cubeide_1.13.2/plugins/com.st.stm32cube.ide.mcu.externaltools.gnu-tools-for-stm32.11.3.rel1.linux64_1.1.1.202309131626/tools/bin/../lib/gcc/arm-none-eabi/11.3.1/../../../../arm-none-eabi/lib/thumb/v7e-m+fp/hard/libc_nano.a(libc_a-impure.o)
                              /opt/st/stm32cubeide_1.13.2/plugins/com.st.stm32cube.ide.mcu.externaltools.gnu-tools-for-stm32.11.3.rel1.linux64_1.1.1.202309131626/tools/bin/../lib/gcc/arm-none-eabi/11.3.1/../../../../arm-none-eabi/lib/thumb/v7e-m+fp/hard/libc_nano.a(libc_a-reent.o) (_impure_ptr)
/opt/st/stm32cubeide_1.13.2/plugins/com.st.stm32cube.ide.mcu.externaltools.gnu-tools-for-stm32.11.3.rel1.linux64_1.1.1.202309131626/tools/bin/../lib/gcc/arm-none-eabi/11.3.1/../../../../arm-none-eabi/lib/thumb/v7e-m+fp/hard/libc_nano.a(libc_a-lseekr.o)
                              /opt/st/stm32cubeide_1.13.2/plugins/com.st.stm32cube.ide.mcu.externaltools.gnu-tools-for-stm32.11.3.rel1.linux64_1.1.1.202309131626/tools/bin/../lib/gcc/arm-none-eabi/11.3.1/../../../../arm-none-eabi/lib/thumb/v7e-m+fp/hard/libc_nano.a(libc_a-stdio.o) (_lseek_r)
[...]
Memory Configuration

Name             Origin             Length             Attributes
RAM              0x0000000020000000 0x0000000000020000 xrw
FLASH            0x0000000008000000 0x0000000000080000 xr
*default*        0x0000000000000000 0xffffffffffffffff

Linker script and memory map

LOAD /opt/st/stm32cubeide_1.13.2/plugins/com.st.stm32cube.ide.mcu.externaltools.gnu-tools-for-stm32.11.3.rel1.linux64_1.1.1.202309131626/tools/bin/../lib/gcc/arm-none-eabi/11.3.1/thumb/v7e-m+fp/hard/crti.o
LOAD /opt/st/stm32cubeide_1.13.2/plugins/com.st.stm32cube.ide.mcu.externaltools.gnu-tools-for-stm32.11.3.rel1.linux64_1.1.1.202309131626/tools/bin/../lib/gcc/arm-none-eabi/11.3.1/thumb/v7e-m+fp/hard/crtbegin.o
LOAD /opt/st/stm32cubeide_1.13.2/plugins/com.st.stm32cube.ide.mcu.externaltools.gnu-tools-for-stm32.11.3.rel1.linux64_1.1.1.202309131626/tools/bin/../lib/gcc/arm-none-eabi/11.3.1/../../../../arm-none-eabi/lib/thumb/v7e-m+fp/hard/crt0.o
LOAD ./Core/Src/main.o
LOAD ./Core/Src/stm32f4xx_hal_msp.o
LOAD ./Core/Src/stm32f4xx_it.o
LOAD ./Core/Src/syscalls.o
LOAD ./Core/Src/sysmem.o
LOAD ./Core/Src/system_stm32f4xx.o
LOAD ./Core/Startup/startup_stm32f446retx.o
LOAD ./Drivers/STM32F4xx_HAL_Driver/Src/stm32f4xx_hal.o
LOAD ./Drivers/STM32F4xx_HAL_Driver/Src/stm32f4xx_hal_cortex.o
LOAD ./Drivers/STM32F4xx_HAL_Driver/Src/stm32f4xx_hal_dma.o
LOAD ./Drivers/STM32F4xx_HAL_Driver/Src/stm32f4xx_hal_dma_ex.o
LOAD ./Drivers/STM32F4xx_HAL_Driver/Src/stm32f4xx_hal_exti.o
LOAD ./Drivers/STM32F4xx_HAL_Driver/Src/stm32f4xx_hal_flash.o
LOAD ./Drivers/STM32F4xx_HAL_Driver/Src/stm32f4xx_hal_flash_ex.o
LOAD ./Drivers/STM32F4xx_HAL_Driver/Src/stm32f4xx_hal_flash_ramfunc.o
LOAD ./Drivers/STM32F4xx_HAL_Driver/Src/stm32f4xx_hal_gpio.o
LOAD ./Drivers/STM32F4xx_HAL_Driver/Src/stm32f4xx_hal_pwr.o
LOAD ./Drivers/STM32F4xx_HAL_Driver/Src/stm32f4xx_hal_pwr_ex.o
LOAD ./Drivers/STM32F4xx_HAL_Driver/Src/stm32f4xx_hal_rcc.o
LOAD ./Drivers/STM32F4xx_HAL_Driver/Src/stm32f4xx_hal_rcc_ex.o
LOAD ./Drivers/STM32F4xx_HAL_Driver/Src/stm32f4xx_hal_spi.o
LOAD ./Drivers/STM32F4xx_HAL_Driver/Src/stm32f4xx_hal_tim.o
LOAD ./Drivers/STM32F4xx_HAL_Driver/Src/stm32f4xx_hal_tim_ex.o
LOAD ./Drivers/STM32F4xx_HAL_Driver/Src/stm32f4xx_hal_uart.o
LOAD ./FATFS/App/fatfs.o
LOAD ./FATFS/Target/user_diskio.o
LOAD ./FATFS/Target/user_diskio_spi.o
LOAD ./Middlewares/Third_Party/FatFs/src/diskio.o
LOAD ./Middlewares/Third_Party/FatFs/src/ff.o
LOAD ./Middlewares/Third_Party/FatFs/src/ff_gen_drv.o
LOAD ./Middlewares/Third_Party/FatFs/src/option/syscall.o
START GROUP
LOAD /opt/st/stm32cubeide_1.13.2/plugins/com.st.stm32cube.ide.mcu.externaltools.gnu-tools-for-stm32.11.3.rel1.linux64_1.1.1.202309131626/tools/bin/../lib/gcc/arm-none-eabi/11.3.1/../../../../arm-none-eabi/lib/thumb/v7e-m+fp/hard/libc_nano.a
LOAD /opt/st/stm32cubeide_1.13.2/plugins/com.st.stm32cube.ide.mcu.externaltools.gnu-tools-for-stm32.11.3.rel1.linux64_1.1.1.202309131626/tools/bin/../lib/gcc/arm-none-eabi/11.3.1/../../../../arm-none-eabi/lib/thumb/v7e-m+fp/hard/libm.a
END GROUP
START GROUP
LOAD /opt/st/stm32cubeide_1.13.2/plugins/com.st.stm32cube.ide.mcu.externaltools.gnu-tools-for-stm32.11.3.rel1.linux64_1.1.1.202309131626/tools/bin/../lib/gcc/arm-none-eabi/11.3.1/thumb/v7e-m+fp/hard/libgcc.a
LOAD /opt/st/stm32cubeide_1.13.2/plugins/com.st.stm32cube.ide.mcu.externaltools.gnu-tools-for-stm32.11.3.rel1.linux64_1.1.1.202309131626/tools/bin/../lib/gcc/arm-none-eabi/11.3.1/../../../../arm-none-eabi/lib/thumb/v7e-m+fp/hard/libc_nano.a
END GROUP
START GROUP
LOAD /opt/st/stm32cubeide_1.13.2/plugins/com.st.stm32cube.ide.mcu.externaltools.gnu-tools-for-stm32.11.3.rel1.linux64_1.1.1.202309131626/tools/bin/../lib/gcc/arm-none-eabi/11.3.1/thumb/v7e-m+fp/hard/libgcc.a
LOAD /opt/st/stm32cubeide_1.13.2/plugins/com.st.stm32cube.ide.mcu.externaltools.gnu-tools-for-stm32.11.3.rel1.linux64_1.1.1.202309131626/tools/bin/../lib/gcc/arm-none-eabi/11.3.1/../../../../arm-none-eabi/lib/thumb/v7e-m+fp/hard/libc_nano.a
LOAD /opt/st/stm32cubeide_1.13.2/plugins/com.st.stm32cube.ide.mcu.externaltools.gnu-tools-for-stm32.11.3.rel1.linux64_1.1.1.202309131626/tools/bin/../lib/gcc/arm-none-eabi/11.3.1/../../../../arm-none-eabi/lib/thumb/v7e-m+fp/hard/libnosys.a
END GROUP
START GROUP
LOAD /opt/st/stm32cubeide_1.13.2/plugins/com.st.stm32cube.ide.mcu.externaltools.gnu-tools-for-stm32.11.3.rel1.linux64_1.1.1.202309131626/tools/bin/../lib/gcc/arm-none-eabi/11.3.1/thumb/v7e-m+fp/hard/libgcc.a
LOAD /opt/st/stm32cubeide_1.13.2/plugins/com.st.stm32cube.ide.mcu.externaltools.gnu-tools-for-stm32.11.3.rel1.linux64_1.1.1.202309131626/tools/bin/../lib/gcc/arm-none-eabi/11.3.1/../../../../arm-none-eabi/lib/thumb/v7e-m+fp/hard/libc_nano.a
LOAD /opt/st/stm32cubeide_1.13.2/plugins/com.st.stm32cube.ide.mcu.externaltools.gnu-tools-for-stm32.11.3.rel1.linux64_1.1.1.202309131626/tools/bin/../lib/gcc/arm-none-eabi/11.3.1/../../../../arm-none-eabi/lib/thumb/v7e-m+fp/hard/libnosys.a
END GROUP
LOAD /opt/st/stm32cubeide_1.13.2/plugins/com.st.stm32cube.ide.mcu.externaltools.gnu-tools-for-stm32.11.3.rel1.linux64_1.1.1.202309131626/tools/bin/../lib/gcc/arm-none-eabi/11.3.1/thumb/v7e-m+fp/hard/crtend.o
LOAD /opt/st/stm32cubeide_1.13.2/plugins/com.st.stm32cube.ide.mcu.externaltools.gnu-tools-for-stm32.11.3.rel1.linux64_1.1.1.202309131626/tools/bin/../lib/gcc/arm-none-eabi/11.3.1/thumb/v7e-m+fp/hard/crtn.o
                0x0000000020020000                _estack = (ORIGIN (RAM) + LENGTH (RAM))
                0x0000000000000200                _Min_Heap_Size = 0x200
                0x0000000000000400                _Min_Stack_Size = 0x400

.isr_vector     0x0000000008000000      0x1c4
                0x0000000008000000                . = ALIGN (0x4)
 *(.isr_vector)
 .isr_vector    0x0000000008000000      0x1c4 ./Core/Startup/startup_stm32f446retx.o
                0x0000000008000000                g_pfnVectors
                0x00000000080001c4                . = ALIGN (0x4)

.text           0x00000000080001c4     0x334c
                0x00000000080001c4                . = ALIGN (0x4)
 *(.text)
 .text          0x00000000080001c4       0x40 /opt/st/stm32cubeide_1.13.2/plugins/com.st.stm32cube.ide.mcu.externaltools.gnu-tools-for-stm32.11.3.rel1.linux64_1.1.1.202309131626/tools/bin/../lib/gcc/arm-none-eabi/11.3.1/thumb/v7e-m+fp/hard/crtbegin.o
 .text          0x0000000008000204       0x30 /opt/st/stm32cubeide_1.13.2/plugins/com.st.stm32cube.ide.mcu.externaltools.gnu-tools-for-stm32.11.3.rel1.linux64_1.1.1.202309131626/tools/bin/../lib/gcc/arm-none-eabi/11.3.1/thumb/v7e-m+fp/hard/libgcc.a(_aeabi_uldivmod.o)
                0x0000000008000204                __aeabi_uldivmod
 .text          0x0000000008000234      0x2c8 /opt/st/stm32cubeide_1.13.2/plugins/com.st.stm32cube.ide.mcu.externaltools.gnu-tools-for-stm32.11.3.rel1.linux64_1.1.1.202309131626/tools/bin/../lib/gcc/arm-none-eabi/11.3.1/thumb/v7e-m+fp/hard/libgcc.a(_udivmoddi4.o)
                0x0000000008000234                __udivmoddi4
 .text          0x00000000080004fc        0x4 /opt/st/stm32cubeide_1.13.2/plugins/com.st.stm32cube.ide.mcu.externaltools.gnu-tools-for-stm32.11.3.rel1.linux64_1.1.1.202309131626/tools/bin/../lib/gcc/arm-none-eabi/11.3.1/thumb/v7e-m+fp/hard/libgcc.a(_dvmd_tls.o)
                0x00000000080004fc                __aeabi_ldiv0
                0x00000000080004fc                __aeabi_idiv0
 *(.text*)
 .text.main     0x0000000008000500       0x1e ./Core/Src/main.o
                0x0000000008000500                main
 *fill*         0x000000000800051e        0x2 
 .text.SystemClock_Config
                0x0000000008000520       0xd8 ./Core/Src/main.o
                0x0000000008000520                SystemClock_Config
 .text.MX_SPI1_Init
                0x00000000080005f8       0x6c ./Core/Src/main.o
 .text.MX_USART2_UART_Init
                0x0000000008000664       0x54 ./Core/Src/main.o
 .text.MX_GPIO_Init
                0x00000000080006b8       0xa0 ./Core/Src/main.o
 .text.Error_Handler
                0x0000000008000758        0xa ./Core/Src/main.o
                0x0000000008000758                Error_Handler
 *fill*         0x0000000008000762        0x2 
 .text.HAL_MspInit
                0x0000000008000764       0x50 ./Core/Src/stm32f4xx_hal_msp.o
                0x0000000008000764                HAL_MspInit
 .text.HAL_SPI_MspInit
                0x00000000080007b4       0x90 ./Core/Src/stm32f4xx_hal_msp.o
                0x00000000080007b4                HAL_SPI_MspInit
 .text.HAL_UART_MspInit
                0x0000000008000844       0x90 ./Core/Src/stm32f4xx_hal_msp.o
                0x0000000008000844                HAL_UART_MspInit
 .text.NMI_Handler
                0x00000000080008d4        0x6 ./Core/Src/stm32f4xx_it.o
                0x00000000080008d4                NMI_Handler
 .text.HardFault_Handler
                0x00000000080008da        0x6 ./Core/Src/stm32f4xx_it.o
                0x00000000080008da                HardFault_Handler
 .text.MemManage_Handler
                0x00000000080008e0        0x6 ./Core/Src/stm32f4xx_it.o
                0x00000000080008e0                MemManage_Handler
 .text.BusFault_Handler
                0x00000000080008e6        0x6 ./Core/Src/stm32f4xx_it.o
                0x00000000080008e6                BusFault_Handler
 .text.UsageFault_Handler
                0x00000000080008ec        0x6 ./Core/Src/stm32f4xx_it.o
                0x00000000080008ec                UsageFault_Handler
 .text.SVC_Handler
                0x00000000080008f2        0xe ./Core/Src/stm32f4xx_it.o
                0x00000000080008f2                SVC_Handler
 .text.DebugMon_Handler
                0x0000000008000900        0xe ./Core/Src/stm32f4xx_it.o
                0x0000000008000900                DebugMon_Handler
 .text.PendSV_Handler
                0x000000000800090e        0xe ./Core/Src/stm32f4xx_it.o
                0x000000000800090e                PendSV_Handler
 .text.SysTick_Handler
                0x000000000800091c        0xc ./Core/Src/stm32f4xx_it.o
                0x000000000800091c                SysTick_Handler
 .text.SystemInit
                0x0000000008000928       0x24 ./Core/Src/system_stm32f4xx.o
                0x0000000008000928                SystemInit
 .text.Reset_Handler
                0x000000000800094c       0x50 ./Core/Startup/startup_stm32f446retx.o
                0x000000000800094c                Reset_Handler
 .text.Default_Handler
                0x000000000800099c        0x2 ./Core/Startup/startup_stm32f446retx.o
                0x000000000800099c                RTC_Alarm_IRQHandler
                0x000000000800099c                EXTI2_IRQHandler
                0x000000000800099c                TIM8_CC_IRQHandler
                0x000000000800099c                FMPI2C1_EV_IRQHandler
                0x000000000800099c                SPI4_IRQHandler
                0x000000000800099c                TIM1_CC_IRQHandler
                0x000000000800099c                DMA2_Stream5_IRQHandler
                0x000000000800099c                DMA1_Stream5_IRQHandler
                0x000000000800099c                PVD_IRQHandler
                0x000000000800099c                SDIO_IRQHandler
                0x000000000800099c                TAMP_STAMP_IRQHandler
                0x000000000800099c                CAN2_RX1_IRQHandler
                0x000000000800099c                EXTI3_IRQHandler
                0x000000000800099c                TIM8_TRG_COM_TIM14_IRQHandler
                0x000000000800099c                TIM1_UP_TIM10_IRQHandler
                0x000000000800099c                TIM8_UP_TIM13_IRQHandler
                0x000000000800099c                I2C3_ER_IRQHandler
                0x000000000800099c                EXTI0_IRQHandler
                0x000000000800099c                I2C2_EV_IRQHandler
                0x000000000800099c                DMA1_Stream2_IRQHandler
                0x000000000800099c                CAN1_RX0_IRQHandler
                0x000000000800099c                FPU_IRQHandler
                0x000000000800099c                OTG_HS_WKUP_IRQHandler
                0x000000000800099c                CAN2_SCE_IRQHandler
                0x000000000800099c                DMA2_Stream2_IRQHandler
                0x000000000800099c                SPI1_IRQHandler
                0x000000000800099c                TIM6_DAC_IRQHandler
                0x000000000800099c                TIM1_BRK_TIM9_IRQHandler
                0x000000000800099c                DCMI_IRQHandler
                0x000000000800099c                CAN2_RX0_IRQHandler
                0x000000000800099c                DMA2_Stream3_IRQHandler
                0x000000000800099c                SAI2_IRQHandler
                0x000000000800099c                USART6_IRQHandler
                0x000000000800099c                USART3_IRQHandler
                0x000000000800099c                CAN1_RX1_IRQHandler
                0x000000000800099c                UART5_IRQHandler
                0x000000000800099c                DMA2_Stream0_IRQHandler
                0x000000000800099c                TIM4_IRQHandler
                0x000000000800099c                QUADSPI_IRQHandler
                0x000000000800099c                I2C1_EV_IRQHandler
                0x000000000800099c                DMA1_Stream6_IRQHandler
                0x000000000800099c                DMA1_Stream1_IRQHandler
                0x000000000800099c                UART4_IRQHandler
                0x000000000800099c                TIM3_IRQHandler
                0x000000000800099c                RCC_IRQHandler
                0x000000000800099c                TIM8_BRK_TIM12_IRQHandler
                0x000000000800099c                Default_Handler
                0x000000000800099c                CEC_IRQHandler
                0x000000000800099c                EXTI15_10_IRQHandler
                0x000000000800099c                ADC_IRQHandler
                0x000000000800099c                DMA1_Stream7_IRQHandler
                0x000000000800099c                TIM7_IRQHandler
                0x000000000800099c                CAN2_TX_IRQHandler
                0x000000000800099c                TIM5_IRQHandler
                0x000000000800099c                DMA2_Stream7_IRQHandler
                0x000000000800099c                I2C3_EV_IRQHandler
                0x000000000800099c                EXTI9_5_IRQHandler
                0x000000000800099c                RTC_WKUP_IRQHandler
                0x000000000800099c                SPDIF_RX_IRQHandler
                0x000000000800099c                SPI2_IRQHandler
                0x000000000800099c                OTG_HS_EP1_IN_IRQHandler
                0x000000000800099c                DMA1_Stream0_IRQHandler
                0x000000000800099c                CAN1_TX_IRQHandler
                0x000000000800099c                FMPI2C1_ER_IRQHandler
                0x000000000800099c                EXTI4_IRQHandler
                0x000000000800099c                OTG_HS_EP1_OUT_IRQHandler
                0x000000000800099c                WWDG_IRQHandler
                0x000000000800099c                TIM2_IRQHandler
                0x000000000800099c                OTG_FS_WKUP_IRQHandler
                0x000000000800099c                TIM1_TRG_COM_TIM11_IRQHandler
                0x000000000800099c                OTG_HS_IRQHandler
                0x000000000800099c                EXTI1_IRQHandler
                0x000000000800099c                USART2_IRQHandler
                0x000000000800099c                I2C2_ER_IRQHandler
                0x000000000800099c                DMA2_Stream1_IRQHandler
                0x000000000800099c                CAN1_SCE_IRQHandler
                0x000000000800099c                FLASH_IRQHandler
                0x000000000800099c                DMA2_Stream4_IRQHandler
                0x000000000800099c                USART1_IRQHandler
                0x000000000800099c                OTG_FS_IRQHandler
                0x000000000800099c                SPI3_IRQHandler
                0x000000000800099c                DMA1_Stream4_IRQHandler
                0x000000000800099c                I2C1_ER_IRQHandler
                0x000000000800099c                FMC_IRQHandler
                0x000000000800099c                DMA2_Stream6_IRQHandler
                0x000000000800099c                SAI1_IRQHandler
                0x000000000800099c                DMA1_Stream3_IRQHandler
 *fill*         0x000000000800099e        0x2 
 .text.HAL_Init
                0x00000000080009a0       0x44 ./Drivers/STM32F4xx_HAL_Driver/Src/stm32f4xx_hal.o
                0x00000000080009a0                HAL_Init
 .text.HAL_InitTick
                0x00000000080009e4       0x60 ./Drivers/STM32F4xx_HAL_Driver/Src/stm32f4xx_hal.o
                0x00000000080009e4                HAL_InitTick
 .text.HAL_IncTick
                0x0000000008000a44       0x28 ./Drivers/STM32F4xx_HAL_Driver/Src/stm32f4xx_hal.o
                0x0000000008000a44                HAL_IncTick
 .text.HAL_GetTick
                0x0000000008000a6c       0x18 ./Drivers/STM32F4xx_HAL_Driver/Src/stm32f4xx_hal.o
                0x0000000008000a6c                HAL_GetTick
 .text.__NVIC_SetPriorityGrouping
                0x0000000008000a84       0x48 ./Drivers/STM32F4xx_HAL_Driver/Src/stm32f4xx_hal_cortex.o
 .text.__NVIC_GetPriorityGrouping
                0x0000000008000acc       0x1c ./Drivers/STM32F4xx_HAL_Driver/Src/stm32f4xx_hal_cortex.o
 .text.__NVIC_SetPriority
                0x0000000008000ae8       0x54 ./Drivers/STM32F4xx_HAL_Driver/Src/stm32f4xx_hal_cortex.o
 .text.NVIC_EncodePriority
                0x0000000008000b3c       0x66 ./Drivers/STM32F4xx_HAL_Driver/Src/stm32f4xx_hal_cortex.o
 *fill*         0x0000000008000ba2        0x2 
 .text.SysTick_Config
                0x0000000008000ba4       0x44 ./Drivers/STM32F4xx_HAL_Driver/Src/stm32f4xx_hal_cortex.o
 .text.HAL_NVIC_SetPriorityGrouping
                0x0000000008000be8       0x16 ./Drivers/STM32F4xx_HAL_Driver/Src/stm32f4xx_hal_cortex.o
                0x0000000008000be8                HAL_NVIC_SetPriorityGrouping
 .text.HAL_NVIC_SetPriority
                0x0000000008000bfe       0x38 ./Drivers/STM32F4xx_HAL_Driver/Src/stm32f4xx_hal_cortex.o
                0x0000000008000bfe                HAL_NVIC_SetPriority
 .text.HAL_SYSTICK_Config
                0x0000000008000c36       0x18 ./Drivers/STM32F4xx_HAL_Driver/Src/stm32f4xx_hal_cortex.o
                0x0000000008000c36                HAL_SYSTICK_Config
 *fill*         0x0000000008000c4e        0x2 
 .text.HAL_GPIO_Init
                0x0000000008000c50      0x328 ./Drivers/STM32F4xx_HAL_Driver/Src/stm32f4xx_hal_gpio.o
                0x0000000008000c50                HAL_GPIO_Init
 .text.HAL_GPIO_WritePin
                0x0000000008000f78       0x32 ./Drivers/STM32F4xx_HAL_Driver/Src/stm32f4xx_hal_gpio.o
                0x0000000008000f78                HAL_GPIO_WritePin
 *fill*         0x0000000008000faa        0x2 
 .text.HAL_RCC_ClockConfig
                0x0000000008000fac      0x1cc ./Drivers/STM32F4xx_HAL_Driver/Src/stm32f4xx_hal_rcc.o
                0x0000000008000fac                HAL_RCC_ClockConfig
 .text.HAL_RCC_GetHCLKFreq
                0x0000000008001178       0x18 ./Drivers/STM32F4xx_HAL_Driver/Src/stm32f4xx_hal_rcc.o
                0x0000000008001178                HAL_RCC_GetHCLKFreq
 .text.HAL_RCC_GetPCLK1Freq
                0x0000000008001190       0x28 ./Drivers/STM32F4xx_HAL_Driver/Src/stm32f4xx_hal_rcc.o
                0x0000000008001190                HAL_RCC_GetPCLK1Freq
 .text.HAL_RCC_GetPCLK2Freq
                0x00000000080011b8       0x28 ./Drivers/STM32F4xx_HAL_Driver/Src/stm32f4xx_hal_rcc.o
                0x00000000080011b8                HAL_RCC_GetPCLK2Freq
 .text.HAL_RCC_GetSysClockFreq
                0x00000000080011e0      0x460 ./Drivers/STM32F4xx_HAL_Driver/Src/stm32f4xx_hal_rcc_ex.o
                0x00000000080011e0                HAL_RCC_GetSysClockFreq
 .text.HAL_RCC_OscConfig
                0x0000000008001640      0x53c ./Drivers/STM32F4xx_HAL_Driver/Src/stm32f4xx_hal_rcc_ex.o
                0x0000000008001640                HAL_RCC_OscConfig
 .text.HAL_SPI_Init
                0x0000000008001b7c      0x112 ./Drivers/STM32F4xx_HAL_Driver/Src/stm32f4xx_hal_spi.o
                0x0000000008001b7c                HAL_SPI_Init
 .text.HAL_SPI_Transmit
                0x0000000008001c8e      0x278 ./Drivers/STM32F4xx_HAL_Driver/Src/stm32f4xx_hal_spi.o
                0x0000000008001c8e                HAL_SPI_Transmit
 .text.HAL_SPI_TransmitReceive
                0x0000000008001f06      0x344 ./Drivers/STM32F4xx_HAL_Driver/Src/stm32f4xx_hal_spi.o
                0x0000000008001f06                HAL_SPI_TransmitReceive
 *fill*         0x000000000800224a        0x2 
 .text.SPI_WaitFlagStateUntilTimeout
                0x000000000800224c      0x110 ./Drivers/STM32F4xx_HAL_Driver/Src/stm32f4xx_hal_spi.o
 .text.SPI_EndRxTxTransaction
                0x000000000800235c       0x84 ./Drivers/STM32F4xx_HAL_Driver/Src/stm32f4xx_hal_spi.o
 .text.HAL_UART_Init
                0x00000000080023e0       0x9a ./Drivers/STM32F4xx_HAL_Driver/Src/stm32f4xx_hal_uart.o
                0x00000000080023e0                HAL_UART_Init
 *fill*         0x000000000800247a        0x2 
 .text.UART_SetConfig
                0x000000000800247c      0x4e8 ./Drivers/STM32F4xx_HAL_Driver/Src/stm32f4xx_hal_uart.o
 .text.MX_FATFS_Init
                0x0000000008002964       0x24 ./FATFS/App/fatfs.o
                0x0000000008002964                MX_FATFS_Init
 .text.USER_initialize
                0x0000000008002988       0x1c ./FATFS/Target/user_diskio.o
                0x0000000008002988                USER_initialize
 .text.USER_status
                0x00000000080029a4       0x1c ./FATFS/Target/user_diskio.o
                0x00000000080029a4                USER_status
 .text.USER_read
                0x00000000080029c0       0x26 ./FATFS/Target/user_diskio.o
                0x00000000080029c0                USER_read
 .text.USER_write
                0x00000000080029e6       0x26 ./FATFS/Target/user_diskio.o
                0x00000000080029e6                USER_write
 .text.USER_ioctl
                0x0000000008002a0c       0x26 ./FATFS/Target/user_diskio.o
                0x0000000008002a0c                USER_ioctl
 *fill*         0x0000000008002a32        0x2 
 .text.SPI_Timer_On
                0x0000000008002a34       0x28 ./FATFS/Target/user_diskio_spi.o
                0x0000000008002a34                SPI_Timer_On
 .text.SPI_Timer_Status
                0x0000000008002a5c       0x2c ./FATFS/Target/user_diskio_spi.o
                0x0000000008002a5c                SPI_Timer_Status
 .text.xchg_spi
                0x0000000008002a88       0x2c ./FATFS/Target/user_diskio_spi.o
 .text.rcvr_spi_multi
                0x0000000008002ab4       0x38 ./FATFS/Target/user_diskio_spi.o
 .text.xmit_spi_multi
                0x0000000008002aec       0x28 ./FATFS/Target/user_diskio_spi.o
 .text.wait_ready
                0x0000000008002b14       0x46 ./FATFS/Target/user_diskio_spi.o
 *fill*         0x0000000008002b5a        0x2 
 .text.despiselect
                0x0000000008002b5c       0x1c ./FATFS/Target/user_diskio_spi.o
 .text.spiselect
                0x0000000008002b78       0x34 ./FATFS/Target/user_diskio_spi.o
 .text.rcvr_datablock
                0x0000000008002bac       0x52 ./FATFS/Target/user_diskio_spi.o
 .text.xmit_datablock
                0x0000000008002bfe       0x64 ./FATFS/Target/user_diskio_spi.o
 .text.send_cmd
                0x0000000008002c62       0xde ./FATFS/Target/user_diskio_spi.o
 .text.USER_SPI_initialize
                0x0000000008002d40      0x1d8 ./FATFS/Target/user_diskio_spi.o
                0x0000000008002d40                USER_SPI_initialize
 .text.USER_SPI_status
                0x0000000008002f18       0x2c ./FATFS/Target/user_diskio_spi.o
                0x0000000008002f18                USER_SPI_status
 .text.USER_SPI_read
                0x0000000008002f44       0xcc ./FATFS/Target/user_diskio_spi.o
                0x0000000008002f44                USER_SPI_read
 .text.USER_SPI_write
                0x0000000008003010       0xf8 ./FATFS/Target/user_diskio_spi.o
                0x0000000008003010                USER_SPI_write
 .text.USER_SPI_ioctl
                0x0000000008003108      0x2e0 ./FATFS/Target/user_diskio_spi.o
                0x0000000008003108                USER_SPI_ioctl
 .text.FATFS_LinkDriverEx
                0x00000000080033e8       0x98 ./Middlewares/Third_Party/FatFs/src/ff_gen_drv.o
                0x00000000080033e8                FATFS_LinkDriverEx
 .text.FATFS_LinkDriver
                0x0000000008003480       0x1e ./Middlewares/Third_Party/FatFs/src/ff_gen_drv.o
                0x0000000008003480                FATFS_LinkDriver
 .text.memset   0x000000000800349e       0x10 /opt/st/stm32cubeide_1.13.2/plugins/com.st.stm32cube.ide.mcu.externaltools.gnu-tools-for-stm32.11.3.rel1.linux64_1.1.1.202309131626/tools/bin/../lib/gcc/arm-none-eabi/11.3.1/../../../../arm-none-eabi/lib/thumb/v7e-m+fp/hard/libc_nano.a(libc_a-memset.o)
                0x000000000800349e                memset
 *fill*         0x00000000080034ae        0x2 
 .text.__libc_init_array
                0x00000000080034b0       0x48 /opt/st/stm32cubeide_1.13.2/plugins/com.st.stm32cube.ide.mcu.externaltools.gnu-tools-for-stm32.11.3.rel1.linux64_1.1.1.202309131626/tools/bin/../lib/gcc/arm-none-eabi/11.3.1/../../../../arm-none-eabi/lib/thumb/v7e-m+fp/hard/libc_nano.a(libc_a-init.o)
                0x00000000080034b0                __libc_init_array
 *(.glue_7)
 .glue_7        0x00000000080034f8        0x0 linker stubs
 *(.glue_7t)
 .glue_7t       0x00000000080034f8        0x0 linker stubs
 *(.eh_frame)
 .eh_frame      0x00000000080034f8        0x0 /opt/st/stm32cubeide_1.13.2/plugins/com.st.stm32cube.ide.mcu.externaltools.gnu-tools-for-stm32.11.3.rel1.linux64_1.1.1.202309131626/tools/bin/../lib/gcc/arm-none-eabi/11.3.1/thumb/v7e-m+fp/hard/crtbegin.o
 *(.init)
 .init          0x00000000080034f8        0x4 /opt/st/stm32cubeide_1.13.2/plugins/com.st.stm32cube.ide.mcu.externaltools.gnu-tools-for-stm32.11.3.rel1.linux64_1.1.1.202309131626/tools/bin/../lib/gcc/arm-none-eabi/11.3.1/thumb/v7e-m+fp/hard/crti.o
                0x00000000080034f8                _init
 .init          0x00000000080034fc        0x8 /opt/st/stm32cubeide_1.13.2/plugins/com.st.stm32cube.ide.mcu.externaltools.gnu-tools-for-stm32.11.3.rel1.linux64_1.1.1.202309131626/tools/bin/../lib/gcc/arm-none-eabi/11.3.1/thumb/v7e-m+fp/hard/crtn.o
 *(.fini)
 .fini          0x0000000008003504        0x4 /opt/st/stm32cubeide_1.13.2/plugins/com.st.stm32cube.ide.mcu.externaltools.gnu-tools-for-stm32.11.3.rel1.linux64_1.1.1.202309131626/tools/bin/../lib/gcc/arm-none-eabi/11.3.1/thumb/v7e-m+fp/hard/crti.o
                0x0000000008003504                _fini
 .fini          0x0000000008003508        0x8 /opt/st/stm32cubeide_1.13.2/plugins/com.st.stm32cube.ide.mcu.externaltools.gnu-tools-for-stm32.11.3.rel1.linux64_1.1.1.202309131626/tools/bin/../lib/gcc/arm-none-eabi/11.3.1/thumb/v7e-m+fp/hard/crtn.o
                0x0000000008003510                . = ALIGN (0x4)
                0x0000000008003510                _etext = .

.vfp11_veneer   0x0000000008003510        0x0
 .vfp11_veneer  0x0000000008003510        0x0 linker stubs

.v4_bx          0x0000000008003510        0x0
 .v4_bx         0x0000000008003510        0x0 linker stubs

.iplt           0x0000000008003510        0x0
 .iplt          0x0000000008003510        0x0 /opt/st/stm32cubeide_1.13.2/plugins/com.st.stm32cube.ide.mcu.externaltools.gnu-tools-for-stm32.11.3.rel1.linux64_1.1.1.202309131626/tools/bin/../lib/gcc/arm-none-eabi/11.3.1/thumb/v7e-m+fp/hard/crtbegin.o

.rodata         0x0000000008003510       0x18
                0x0000000008003510                . = ALIGN (0x4)
 *(.rodata)
 *(.rodata*)
 .rodata.AHBPrescTable
                0x0000000008003510       0x10 ./Core/Src/system_stm32f4xx.o
                0x0000000008003510                AHBPrescTable
 .rodata.APBPrescTable
                0x0000000008003520        0x8 ./Core/Src/system_stm32f4xx.o
                0x0000000008003520                APBPrescTable
                0x0000000008003528                . = ALIGN (0x4)

.ARM.extab      0x0000000008003528        0x0
                0x0000000008003528                . = ALIGN (0x4)
 *(.ARM.extab* .gnu.linkonce.armextab.*)
                0x0000000008003528                . = ALIGN (0x4)

.ARM            0x0000000008003528        0x8
                0x0000000008003528                . = ALIGN (0x4)
                0x0000000008003528                __exidx_start = .
 *(.ARM.exidx*)
 .ARM.exidx     0x0000000008003528        0x8 /opt/st/stm32cubeide_1.13.2/plugins/com.st.stm32cube.ide.mcu.externaltools.gnu-tools-for-stm32.11.3.rel1.linux64_1.1.1.202309131626/tools/bin/../lib/gcc/arm-none-eabi/11.3.1/thumb/v7e-m+fp/hard/libgcc.a(_udivmoddi4.o)
                0x0000000008003530                __exidx_end = .
                0x0000000008003530                . = ALIGN (0x4)

.rel.dyn        0x0000000008003530        0x0
 .rel.iplt      0x0000000008003530        0x0 /opt/st/stm32cubeide_1.13.2/plugins/com.st.stm32cube.ide.mcu.externaltools.gnu-tools-for-stm32.11.3.rel1.linux64_1.1.1.202309131626/tools/bin/../lib/gcc/arm-none-eabi/11.3.1/thumb/v7e-m+fp/hard/crtbegin.o

.preinit_array  0x0000000008003530        0x0
                0x0000000008003530                . = ALIGN (0x4)
                0x0000000008003530                PROVIDE (__preinit_array_start = .)
 *(.preinit_array*)
                0x0000000008003530                PROVIDE (__preinit_array_end = .)
                0x0000000008003530                . = ALIGN (0x4)

.init_array     0x0000000008003530        0x4
                0x0000000008003530                . = ALIGN (0x4)
                0x0000000008003530                PROVIDE (__init_array_start = .)
 *(SORT_BY_NAME(.init_array.*))
 *(.init_array*)
 .init_array    0x0000000008003530        0x4 /opt/st/stm32cubeide_1.13.2/plugins/com.st.stm32cube.ide.mcu.externaltools.gnu-tools-for-stm32.11.3.rel1.linux64_1.1.1.202309131626/tools/bin/../lib/gcc/arm-none-eabi/11.3.1/thumb/v7e-m+fp/hard/crtbegin.o
                0x0000000008003534                PROVIDE (__init_array_end = .)
                0x0000000008003534                . = ALIGN (0x4)

.fini_array     0x0000000008003534        0x4
                0x0000000008003534                . = ALIGN (0x4)
                [!provide]                        PROVIDE (__fini_array_start = .)
 *(SORT_BY_NAME(.fini_array.*))
 *(.fini_array*)
 .fini_array    0x0000000008003534        0x4 /opt/st/stm32cubeide_1.13.2/plugins/com.st.stm32cube.ide.mcu.externaltools.gnu-tools-for-stm32.11.3.rel1.linux64_1.1.1.202309131626/tools/bin/../lib/gcc/arm-none-eabi/11.3.1/thumb/v7e-m+fp/hard/crtbegin.o
                [!provide]                        PROVIDE (__fini_array_end = .)
                0x0000000008003538                . = ALIGN (0x4)
                0x0000000008003538                _sidata = LOADADDR (.data)

.data           0x0000000020000000       0x24 load address 0x0000000008003538
                0x0000000020000000                . = ALIGN (0x4)
                0x0000000020000000                _sdata = .
 *(.data)
 *(.data*)
 .data.SystemCoreClock
                0x0000000020000000        0x4 ./Core/Src/system_stm32f4xx.o
                0x0000000020000000                SystemCoreClock
 .data.uwTickPrio
                0x0000000020000004        0x4 ./Drivers/STM32F4xx_HAL_Driver/Src/stm32f4xx_hal.o
                0x0000000020000004                uwTickPrio
 .data.uwTickFreq
                0x0000000020000008        0x1 ./Drivers/STM32F4xx_HAL_Driver/Src/stm32f4xx_hal.o
                0x0000000020000008                uwTickFreq
 *fill*         0x0000000020000009        0x3 
 .data.USER_Driver
                0x000000002000000c       0x14 ./FATFS/Target/user_diskio.o
                0x000000002000000c                USER_Driver
 .data.Stat     0x0000000020000020        0x1 ./FATFS/Target/user_diskio_spi.o
 *(.RamFunc)
 *(.RamFunc*)
                0x0000000020000024                . = ALIGN (0x4)
 *fill*         0x0000000020000021        0x3 
                0x0000000020000024                _edata = .

.igot.plt       0x0000000020000024        0x0 load address 0x000000000800355c
 .igot.plt      0x0000000020000024        0x0 /opt/st/stm32cubeide_1.13.2/plugins/com.st.stm32cube.ide.mcu.externaltools.gnu-tools-for-stm32.11.3.rel1.linux64_1.1.1.202309131626/tools/bin/../lib/gcc/arm-none-eabi/11.3.1/thumb/v7e-m+fp/hard/crtbegin.o
                0x0000000020000024                . = ALIGN (0x4)

.bss            0x0000000020000024       0xdc load address 0x000000000800355c
                0x0000000020000024                _sbss = .
                0x0000000020000024                __bss_start__ = _sbss
 *(.bss)
 .bss           0x0000000020000024       0x1c /opt/st/stm32cubeide_1.13.2/plugins/com.st.stm32cube.ide.mcu.externaltools.gnu-tools-for-stm32.11.3.rel1.linux64_1.1.1.202309131626/tools/bin/../lib/gcc/arm-none-eabi/11.3.1/thumb/v7e-m+fp/hard/crtbegin.o
 *(.bss*)
 .bss.hspi1     0x0000000020000040       0x58 ./Core/Src/main.o
                0x0000000020000040                hspi1
 .bss.huart2    0x0000000020000098       0x44 ./Core/Src/main.o
                0x0000000020000098                huart2
 .bss.uwTick    0x00000000200000dc        0x4 ./Drivers/STM32F4xx_HAL_Driver/Src/stm32f4xx_hal.o
                0x00000000200000dc                uwTick
 .bss.retUSER   0x00000000200000e0        0x1 ./FATFS/App/fatfs.o
                0x00000000200000e0                retUSER
 *fill*         0x00000000200000e1        0x3 
 .bss.USERPath  0x00000000200000e4        0x4 ./FATFS/App/fatfs.o
                0x00000000200000e4                USERPath
 .bss.CardType  0x00000000200000e8        0x1 ./FATFS/Target/user_diskio_spi.o
 *fill*         0x00000000200000e9        0x3 
 .bss.spiTimerTickStart
                0x00000000200000ec        0x4 ./FATFS/Target/user_diskio_spi.o
                0x00000000200000ec                spiTimerTickStart
 .bss.spiTimerTickDelay
                0x00000000200000f0        0x4 ./FATFS/Target/user_diskio_spi.o
                0x00000000200000f0                spiTimerTickDelay
 .bss.disk      0x00000000200000f4        0xc ./Middlewares/Third_Party/FatFs/src/ff_gen_drv.o
                0x00000000200000f4                disk
 *(COMMON)
                0x0000000020000100                . = ALIGN (0x4)
                0x0000000020000100                _ebss = .
                0x0000000020000100                __bss_end__ = _ebss

._user_heap_stack
                0x0000000020000100      0x600 load address 0x000000000800355c
                0x0000000020000100                . = ALIGN (0x8)
                [!provide]                        PROVIDE (end = .)
                0x0000000020000100                PROVIDE (_end = .)
                0x0000000020000300                . = (. + _Min_Heap_Size)
 *fill*         0x0000000020000100      0x200 
                0x0000000020000700                . = (. + _Min_Stack_Size)
 *fill*         0x0000000020000300      0x400 
                0x0000000020000700                . = ALIGN (0x8)

/DISCARD/
 libc.a(*)
 libm.a(*)
 libgcc.a(*)

.ARM.attributes
                0x0000000000000000       0x30
 *(.ARM.attributes)
 .ARM.attributes
                0x0000000000000000       0x1e /opt/st/stm32cubeide_1.13.2/plugins/com.st.stm32cube.ide.mcu.externaltools.gnu-tools-for-stm32.11.3.rel1.linux64_1.1.1.202309131626/tools/bin/../lib/gcc/arm-none-eabi/11.3.1/thumb/v7e-m+fp/hard/crti.o
 .ARM.attributes
                0x000000000000001e       0x34 /opt/st/stm32cubeide_1.13.2/plugins/com.st.stm32cube.ide.mcu.externaltools.gnu-tools-for-stm32.11.3.rel1.linux64_1.1.1.202309131626/tools/bin/../lib/gcc/arm-none-eabi/11.3.1/thumb/v7e-m+fp/hard/crtbegin.o
 .ARM.attributes
                0x0000000000000052       0x34 ./Core/Src/main.o
 .ARM.attributes
                0x0000000000000086       0x34 ./Core/Src/stm32f4xx_hal_msp.o
 .ARM.attributes
                0x00000000000000ba       0x34 ./Core/Src/stm32f4xx_it.o
 .ARM.attributes
                0x00000000000000ee       0x34 ./Core/Src/system_stm32f4xx.o
 .ARM.attributes
                0x0000000000000122       0x21 ./Core/Startup/startup_stm32f446retx.o
 .ARM.attributes
                0x0000000000000143       0x34 ./Drivers/STM32F4xx_HAL_Driver/Src/stm32f4xx_hal.o
 .ARM.attributes
                0x0000000000000177       0x34 ./Drivers/STM32F4xx_HAL_Driver/Src/stm32f4xx_hal_cortex.o
 .ARM.attributes
                0x00000000000001ab       0x34 ./Drivers/STM32F4xx_HAL_Driver/Src/stm32f4xx_hal_gpio.o
 .ARM.attributes
                0x00000000000001df       0x34 ./Drivers/STM32F4xx_HAL_Driver/Src/stm32f4xx_hal_rcc.o
 .ARM.attributes
                0x0000000000000213       0x34 ./Drivers/STM32F4xx_HAL_Driver/Src/stm32f4xx_hal_rcc_ex.o
 .ARM.attributes
                0x0000000000000247       0x34 ./Drivers/STM32F4xx_HAL_Driver/Src/stm32f4xx_hal_spi.o
 .ARM.attributes
                0x000000000000027b       0x34 ./Drivers/STM32F4xx_HAL_Driver/Src/stm32f4xx_hal_uart.o
 .ARM.attributes
                0x00000000000002af       0x34 ./FATFS/App/fatfs.o
 .ARM.attributes
                0x00000000000002e3       0x34 ./FATFS/Target/user_diskio.o
 .ARM.attributes
                0x0000000000000317       0x34 ./FATFS/Target/user_diskio_spi.o
 .ARM.attributes
                0x000000000000034b       0x34 ./Middlewares/Third_Party/FatFs/src/ff_gen_drv.o
 .ARM.attributes
                0x000000000000037f       0x34 /opt/st/stm32cubeide_1.13.2/plugins/com.st.stm32cube.ide.mcu.externaltools.gnu-tools-for-stm32.11.3.rel1.linux64_1.1.1.202309131626/tools/bin/../lib/gcc/arm-none-eabi/11.3.1/../../../../arm-none-eabi/lib/thumb/v7e-m+fp/hard/libc_nano.a(libc_a-memset.o)
 .ARM.attributes
                0x00000000000003b3       0x34 /opt/st/stm32cubeide_1.13.2/plugins/com.st.stm32cube.ide.mcu.externaltools.gnu-tools-for-stm32.11.3.rel1.linux64_1.1.1.202309131626/tools/bin/../lib/gcc/arm-none-eabi/11.3.1/../../../../arm-none-eabi/lib/thumb/v7e-m+fp/hard/libc_nano.a(libc_a-init.o)
 .ARM.attributes
                0x00000000000003e7       0x1e /opt/st/stm32cubeide_1.13.2/plugins/com.st.stm32cube.ide.mcu.externaltools.gnu-tools-for-stm32.11.3.rel1.linux64_1.1.1.202309131626/tools/bin/../lib/gcc/arm-none-eabi/11.3.1/thumb/v7e-m+fp/hard/libgcc.a(_aeabi_uldivmod.o)
 .ARM.attributes
                0x0000000000000405       0x34 /opt/st/stm32cubeide_1.13.2/plugins/com.st.stm32cube.ide.mcu.externaltools.gnu-tools-for-stm32.11.3.rel1.linux64_1.1.1.202309131626/tools/bin/../lib/gcc/arm-none-eabi/11.3.1/thumb/v7e-m+fp/hard/libgcc.a(_udivmoddi4.o)
 .ARM.attributes
                0x0000000000000439       0x1e /opt/st/stm32cubeide_1.13.2/plugins/com.st.stm32cube.ide.mcu.externaltools.gnu-tools-for-stm32.11.3.rel1.linux64_1.1.1.202309131626/tools/bin/../lib/gcc/arm-none-eabi/11.3.1/thumb/v7e-m+fp/hard/libgcc.a(_dvmd_tls.o)
 .ARM.attributes
                0x0000000000000457       0x1e /opt/st/stm32cubeide_1.13.2/plugins/com.st.stm32cube.ide.mcu.externaltools.gnu-tools-for-stm32.11.3.rel1.linux64_1.1.1.202309131626/tools/bin/../lib/gcc/arm-none-eabi/11.3.1/thumb/v7e-m+fp/hard/crtn.o
OUTPUT(sdcard.elf elf32-littlearm)
LOAD linker stubs
LOAD /opt/st/stm32cubeide_1.13.2/plugins/com.st.stm32cube.ide.mcu.externaltools.gnu-tools-for-stm32.11.3.rel1.linux64_1.1.1.202309131626/tools/bin/../lib/gcc/arm-none-eabi/11.3.1/../../../../arm-none-eabi/lib/thumb/v7e-m+fp/hard/libc.a
LOAD /opt/st/stm32cubeide_1.13.2/plugins/com.st.stm32cube.ide.mcu.externaltools.gnu-tools-for-stm32.11.3.rel1.linux64_1.1.1.202309131626/tools/bin/../lib/gcc/arm-none-eabi/11.3.1/../../../../arm-none-eabi/lib/thumb/v7e-m+fp/hard/libm.a
LOAD /opt/st/stm32cubeide_1.13.2/plugins/com.st.stm32cube.ide.mcu.externaltools.gnu-tools-for-stm32.11.3.rel1.linux64_1.1.1.202309131626/tools/bin/../lib/gcc/arm-none-eabi/11.3.1/thumb/v7e-m+fp/hard/libgcc.a

.comment        0x0000000000000000       0x43
 .comment       0x0000000000000000       0x43 /opt/st/stm32cubeide_1.13.2/plugins/com.st.stm32cube.ide.mcu.externaltools.gnu-tools-for-stm32.11.3.rel1.linux64_1.1.1.202309131626/tools/bin/../lib/gcc/arm-none-eabi/11.3.1/thumb/v7e-m+fp/hard/crtbegin.o
                                         0x44 (size before relaxing)
 .comment       0x0000000000000043       0x44 ./Core/Src/main.o
 .comment       0x0000000000000043       0x44 ./Core/Src/stm32f4xx_hal_msp.o
 .comment       0x0000000000000043       0x44 ./Core/Src/stm32f4xx_it.o
 .comment       0x0000000000000043       0x44 ./Core/Src/system_stm32f4xx.o
 .comment       0x0000000000000043       0x44 ./Drivers/STM32F4xx_HAL_Driver/Src/stm32f4xx_hal.o
 .comment       0x0000000000000043       0x44 ./Drivers/STM32F4xx_HAL_Driver/Src/stm32f4xx_hal_cortex.o
 .comment       0x0000000000000043       0x44 ./Drivers/STM32F4xx_HAL_Driver/Src/stm32f4xx_hal_gpio.o
 .comment       0x0000000000000043       0x44 ./Drivers/STM32F4xx_HAL_Driver/Src/stm32f4xx_hal_rcc.o
 .comment       0x0000000000000043       0x44 ./Drivers/STM32F4xx_HAL_Driver/Src/stm32f4xx_hal_rcc_ex.o
 .comment       0x0000000000000043       0x44 ./Drivers/STM32F4xx_HAL_Driver/Src/stm32f4xx_hal_spi.o
 .comment       0x0000000000000043       0x44 ./Drivers/STM32F4xx_HAL_Driver/Src/stm32f4xx_hal_uart.o
 .comment       0x0000000000000043       0x44 ./FATFS/App/fatfs.o
 .comment       0x0000000000000043       0x44 ./FATFS/Target/user_diskio.o
 .comment       0x0000000000000043       0x44 ./FATFS/Target/user_diskio_spi.o
 .comment       0x0000000000000043       0x44 ./Middlewares/Third_Party/FatFs/src/ff_gen_drv.o

.debug_info     0x0000000000000000     0xaedc
 .debug_info    0x0000000000000000      0xe3d ./Core/Src/main.o
 .debug_info    0x0000000000000e3d      0xbfe ./Core/Src/stm32f4xx_hal_msp.o
 .debug_info    0x0000000000001a3b      0x112 ./Core/Src/stm32f4xx_it.o
 .debug_info    0x0000000000001b4d      0x54a ./Core/Src/system_stm32f4xx.o
 .debug_info    0x0000000000002097       0x23 ./Core/Startup/startup_stm32f446retx.o
 .debug_info    0x00000000000020ba      0x99e ./Drivers/STM32F4xx_HAL_Driver/Src/stm32f4xx_hal.o
 .debug_info    0x0000000000002a58      0xd64 ./Drivers/STM32F4xx_HAL_Driver/Src/stm32f4xx_hal_cortex.o
 .debug_info    0x00000000000037bc      0x70b ./Drivers/STM32F4xx_HAL_Driver/Src/stm32f4xx_hal_gpio.o
 .debug_info    0x0000000000003ec7      0x8ed ./Drivers/STM32F4xx_HAL_Driver/Src/stm32f4xx_hal_rcc.o
 .debug_info    0x00000000000047b4      0x956 ./Drivers/STM32F4xx_HAL_Driver/Src/stm32f4xx_hal_rcc_ex.o
 .debug_info    0x000000000000510a     0x15fb ./Drivers/STM32F4xx_HAL_Driver/Src/stm32f4xx_hal_spi.o
 .debug_info    0x0000000000006705     0x2fb8 ./Drivers/STM32F4xx_HAL_Driver/Src/stm32f4xx_hal_uart.o
 .debug_info    0x00000000000096bd      0x4d9 ./FATFS/App/fatfs.o
 .debug_info    0x0000000000009b96      0x3aa ./FATFS/Target/user_diskio.o
 .debug_info    0x0000000000009f40      0xc1d ./FATFS/Target/user_diskio_spi.o
 .debug_info    0x000000000000ab5d      0x37f ./Middlewares/Third_Party/FatFs/src/ff_gen_drv.o

.debug_abbrev   0x0000000000000000     0x1e7b
 .debug_abbrev  0x0000000000000000      0x25d ./Core/Src/main.o
 .debug_abbrev  0x000000000000025d      0x1c3 ./Core/Src/stm32f4xx_hal_msp.o
 .debug_abbrev  0x0000000000000420       0x73 ./Core/Src/stm32f4xx_it.o
 .debug_abbrev  0x0000000000000493      0x11a ./Core/Src/system_stm32f4xx.o
 .debug_abbrev  0x00000000000005ad       0x12 ./Core/Startup/startup_stm32f446retx.o
 .debug_abbrev  0x00000000000005bf      0x213 ./Drivers/STM32F4xx_HAL_Driver/Src/stm32f4xx_hal.o
 .debug_abbrev  0x00000000000007d2      0x327 ./Drivers/STM32F4xx_HAL_Driver/Src/stm32f4xx_hal_cortex.o
 .debug_abbrev  0x0000000000000af9      0x1d4 ./Drivers/STM32F4xx_HAL_Driver/Src/stm32f4xx_hal_gpio.o
 .debug_abbrev  0x0000000000000ccd      0x2b6 ./Drivers/STM32F4xx_HAL_Driver/Src/stm32f4xx_hal_rcc.o
 .debug_abbrev  0x0000000000000f83      0x20a ./Drivers/STM32F4xx_HAL_Driver/Src/stm32f4xx_hal_rcc_ex.o
 .debug_abbrev  0x000000000000118d      0x284 ./Drivers/STM32F4xx_HAL_Driver/Src/stm32f4xx_hal_spi.o
 .debug_abbrev  0x0000000000001411      0x30e ./Drivers/STM32F4xx_HAL_Driver/Src/stm32f4xx_hal_uart.o
 .debug_abbrev  0x000000000000171f      0x160 ./FATFS/App/fatfs.o
 .debug_abbrev  0x000000000000187f      0x143 ./FATFS/Target/user_diskio.o
 .debug_abbrev  0x00000000000019c2      0x31a ./FATFS/Target/user_diskio_spi.o
 .debug_abbrev  0x0000000000001cdc      0x19f ./Middlewares/Third_Party/FatFs/src/ff_gen_drv.o

.debug_aranges  0x0000000000000000      0x9a8
 .debug_aranges
                0x0000000000000000       0x48 ./Core/Src/main.o
 .debug_aranges
                0x0000000000000048       0x40 ./Core/Src/stm32f4xx_hal_msp.o
 .debug_aranges
                0x0000000000000088       0x60 ./Core/Src/stm32f4xx_it.o
 .debug_aranges
                0x00000000000000e8       0x28 ./Core/Src/system_stm32f4xx.o
 .debug_aranges
                0x0000000000000110       0x28 ./Core/Startup/startup_stm32f446retx.o
 .debug_aranges
                0x0000000000000138       0xf0 ./Drivers/STM32F4xx_HAL_Driver/Src/stm32f4xx_hal.o
 .debug_aranges
                0x0000000000000228      0x118 ./Drivers/STM32F4xx_HAL_Driver/Src/stm32f4xx_hal_cortex.o
 .debug_aranges
                0x0000000000000340       0x58 ./Drivers/STM32F4xx_HAL_Driver/Src/stm32f4xx_hal_gpio.o
 .debug_aranges
                0x0000000000000398       0x88 ./Drivers/STM32F4xx_HAL_Driver/Src/stm32f4xx_hal_rcc.o
 .debug_aranges
                0x0000000000000420       0x78 ./Drivers/STM32F4xx_HAL_Driver/Src/stm32f4xx_hal_rcc_ex.o
 .debug_aranges
                0x0000000000000498      0x1d0 ./Drivers/STM32F4xx_HAL_Driver/Src/stm32f4xx_hal_spi.o
 .debug_aranges
                0x0000000000000668      0x200 ./Drivers/STM32F4xx_HAL_Driver/Src/stm32f4xx_hal_uart.o
 .debug_aranges
                0x0000000000000868       0x28 ./FATFS/App/fatfs.o
 .debug_aranges
                0x0000000000000890       0x40 ./FATFS/Target/user_diskio.o
 .debug_aranges
                0x00000000000008d0       0x98 ./FATFS/Target/user_diskio_spi.o
 .debug_aranges
                0x0000000000000968       0x40 ./Middlewares/Third_Party/FatFs/src/ff_gen_drv.o

.debug_rnglists
                0x0000000000000000      0x75e
 .debug_rnglists
                0x0000000000000000       0x33 ./Core/Src/main.o
 .debug_rnglists
                0x0000000000000033       0x2d ./Core/Src/stm32f4xx_hal_msp.o
 .debug_rnglists
                0x0000000000000060       0x43 ./Core/Src/stm32f4xx_it.o
 .debug_rnglists
                0x00000000000000a3       0x1a ./Core/Src/system_stm32f4xx.o
 .debug_rnglists
                0x00000000000000bd       0x19 ./Core/Startup/startup_stm32f446retx.o
 .debug_rnglists
                0x00000000000000d6       0xaf ./Drivers/STM32F4xx_HAL_Driver/Src/stm32f4xx_hal.o
 .debug_rnglists
                0x0000000000000185       0xce ./Drivers/STM32F4xx_HAL_Driver/Src/stm32f4xx_hal_cortex.o
 .debug_rnglists
                0x0000000000000253       0x3f ./Drivers/STM32F4xx_HAL_Driver/Src/stm32f4xx_hal_gpio.o
 .debug_rnglists
                0x0000000000000292       0x66 ./Drivers/STM32F4xx_HAL_Driver/Src/stm32f4xx_hal_rcc.o
 .debug_rnglists
                0x00000000000002f8       0x5e ./Drivers/STM32F4xx_HAL_Driver/Src/stm32f4xx_hal_rcc_ex.o
 .debug_rnglists
                0x0000000000000356      0x16f ./Drivers/STM32F4xx_HAL_Driver/Src/stm32f4xx_hal_spi.o
 .debug_rnglists
                0x00000000000004c5      0x1b7 ./Drivers/STM32F4xx_HAL_Driver/Src/stm32f4xx_hal_uart.o
 .debug_rnglists
                0x000000000000067c       0x19 ./FATFS/App/fatfs.o
 .debug_rnglists
                0x0000000000000695       0x2b ./FATFS/Target/user_diskio.o
 .debug_rnglists
                0x00000000000006c0       0x72 ./FATFS/Target/user_diskio_spi.o
 .debug_rnglists
                0x0000000000000732       0x2c ./Middlewares/Third_Party/FatFs/src/ff_gen_drv.o

.debug_macro    0x0000000000000000    0x21faf
 .debug_macro   0x0000000000000000      0x2f3 ./Core/Src/main.o
 .debug_macro   0x00000000000002f3      0xaa8 ./Core/Src/main.o
 .debug_macro   0x0000000000000d9b      0x29b ./Core/Src/main.o
 .debug_macro   0x0000000000001036       0x2e ./Core/Src/main.o
 .debug_macro   0x0000000000001064       0x28 ./Core/Src/main.o
 .debug_macro   0x000000000000108c       0x22 ./Core/Src/main.o
 .debug_macro   0x00000000000010ae       0x8e ./Core/Src/main.o
 .debug_macro   0x000000000000113c       0x51 ./Core/Src/main.o
 .debug_macro   0x000000000000118d      0x103 ./Core/Src/main.o
 .debug_macro   0x0000000000001290       0x6a ./Core/Src/main.o
 .debug_macro   0x00000000000012fa      0x1df ./Core/Src/main.o
 .debug_macro   0x00000000000014d9       0x1c ./Core/Src/main.o
 .debug_macro   0x00000000000014f5       0x22 ./Core/Src/main.o
 .debug_macro   0x0000000000001517       0xd9 ./Core/Src/main.o
 .debug_macro   0x00000000000015f0     0x102d ./Core/Src/main.o
 .debug_macro   0x000000000000261d      0x11f ./Core/Src/main.o
 .debug_macro   0x000000000000273c    0x16749 ./Core/Src/main.o
 .debug_macro   0x0000000000018e85       0x6d ./Core/Src/main.o
 .debug_macro   0x0000000000018ef2     0x367e ./Core/Src/main.o
 .debug_macro   0x000000000001c570      0x174 ./Core/Src/main.o
 .debug_macro   0x000000000001c6e4       0x5c ./Core/Src/main.o
 .debug_macro   0x000000000001c740      0xc90 ./Core/Src/main.o
 .debug_macro   0x000000000001d3d0      0x9fe ./Core/Src/main.o
 .debug_macro   0x000000000001ddce      0x115 ./Core/Src/main.o
 .debug_macro   0x000000000001dee3      0x1a0 ./Core/Src/main.o
 .debug_macro   0x000000000001e083       0xa5 ./Core/Src/main.o
 .debug_macro   0x000000000001e128      0x16d ./Core/Src/main.o
 .debug_macro   0x000000000001e295      0x287 ./Core/Src/main.o
 .debug_macro   0x000000000001e51c       0x5f ./Core/Src/main.o
 .debug_macro   0x000000000001e57b      0x236 ./Core/Src/main.o
 .debug_macro   0x000000000001e7b1      0x132 ./Core/Src/main.o
 .debug_macro   0x000000000001e8e3      0x29c ./Core/Src/main.o
 .debug_macro   0x000000000001eb7f       0x2e ./Core/Src/main.o
 .debug_macro   0x000000000001ebad      0x11a ./Core/Src/main.o
 .debug_macro   0x000000000001ecc7       0xe8 ./Core/Src/main.o
 .debug_macro   0x000000000001edaf       0x89 ./Core/Src/main.o
 .debug_macro   0x000000000001ee38      0x225 ./Core/Src/main.o
 .debug_macro   0x000000000001f05d      0x295 ./Core/Src/main.o
 .debug_macro   0x000000000001f2f2      0x126 ./Core/Src/main.o
 .debug_macro   0x000000000001f418       0xeb ./Core/Src/main.o
 .debug_macro   0x000000000001f503       0x2a ./Core/Src/main.o
 .debug_macro   0x000000000001f52d       0x61 ./Core/Src/main.o
 .debug_macro   0x000000000001f58e       0x43 ./Core/Src/main.o
 .debug_macro   0x000000000001f5d1       0x34 ./Core/Src/main.o
 .debug_macro   0x000000000001f605       0x16 ./Core/Src/main.o
 .debug_macro   0x000000000001f61b       0x35 ./Core/Src/main.o
 .debug_macro   0x000000000001f650       0x16 ./Core/Src/main.o
 .debug_macro   0x000000000001f666       0x43 ./Core/Src/main.o
 .debug_macro   0x000000000001f6a9       0x34 ./Core/Src/main.o
 .debug_macro   0x000000000001f6dd       0x10 ./Core/Src/main.o
 .debug_macro   0x000000000001f6ed       0x58 ./Core/Src/main.o
 .debug_macro   0x000000000001f745       0x8e ./Core/Src/main.o
 .debug_macro   0x000000000001f7d3       0x1c ./Core/Src/main.o
 .debug_macro   0x000000000001f7ef      0x177 ./Core/Src/main.o
 .debug_macro   0x000000000001f966      0x369 ./Core/Src/main.o
 .debug_macro   0x000000000001fccf       0x16 ./Core/Src/main.o
 .debug_macro   0x000000000001fce5       0x29 ./Core/Src/main.o
 .debug_macro   0x000000000001fd0e       0x12 ./Core/Src/main.o
 .debug_macro   0x000000000001fd20       0xe2 ./Core/Src/main.o
 .debug_macro   0x000000000001fe02       0x8e ./Core/Src/main.o
 .debug_macro   0x000000000001fe90      0x1d4 ./Core/Src/stm32f4xx_hal_msp.o
 .debug_macro   0x0000000000020064      0x1de ./Core/Src/stm32f4xx_it.o
 .debug_macro   0x0000000000020242      0x1c4 ./Core/Src/system_stm32f4xx.o
 .debug_macro   0x0000000000020406      0x224 ./Drivers/STM32F4xx_HAL_Driver/Src/stm32f4xx_hal.o
 .debug_macro   0x000000000002062a      0x1c4 ./Drivers/STM32F4xx_HAL_Driver/Src/stm32f4xx_hal_cortex.o
 .debug_macro   0x00000000000207ee      0x1ca ./Drivers/STM32F4xx_HAL_Driver/Src/stm32f4xx_hal_gpio.o
 .debug_macro   0x00000000000209b8      0x1e8 ./Drivers/STM32F4xx_HAL_Driver/Src/stm32f4xx_hal_rcc.o
 .debug_macro   0x0000000000020ba0      0x1c4 ./Drivers/STM32F4xx_HAL_Driver/Src/stm32f4xx_hal_rcc_ex.o
 .debug_macro   0x0000000000020d64      0x1d3 ./Drivers/STM32F4xx_HAL_Driver/Src/stm32f4xx_hal_spi.o
 .debug_macro   0x0000000000020f37      0x1c5 ./Drivers/STM32F4xx_HAL_Driver/Src/stm32f4xx_hal_uart.o
 .debug_macro   0x00000000000210fc      0x2f9 ./FATFS/App/fatfs.o
 .debug_macro   0x00000000000213f5       0xe5 ./FATFS/App/fatfs.o
 .debug_macro   0x00000000000214da      0x328 ./FATFS/Target/user_diskio.o
 .debug_macro   0x0000000000021802       0x10 ./FATFS/Target/user_diskio.o
 .debug_macro   0x0000000000021812       0x20 ./FATFS/Target/user_diskio.o
 .debug_macro   0x0000000000021832       0x16 ./FATFS/Target/user_diskio.o
 .debug_macro   0x0000000000021848       0x7c ./FATFS/Target/user_diskio.o
 .debug_macro   0x00000000000218c4       0x56 ./FATFS/Target/user_diskio.o
 .debug_macro   0x000000000002191a      0x39f ./FATFS/Target/user_diskio_spi.o
 .debug_macro   0x0000000000021cb9       0x10 ./FATFS/Target/user_diskio_spi.o
 .debug_macro   0x0000000000021cc9      0x2e6 ./Middlewares/Third_Party/FatFs/src/ff_gen_drv.o

.debug_line     0x0000000000000000     0xce63
 .debug_line    0x0000000000000000      0x96d ./Core/Src/main.o
 .debug_line    0x000000000000096d      0x70d ./Core/Src/stm32f4xx_hal_msp.o
 .debug_line    0x000000000000107a      0x734 ./Core/Src/stm32f4xx_it.o
 .debug_line    0x00000000000017ae      0x6f3 ./Core/Src/system_stm32f4xx.o
 .debug_line    0x0000000000001ea1       0x7a ./Core/Startup/startup_stm32f446retx.o
 .debug_line    0x0000000000001f1b      0x959 ./Drivers/STM32F4xx_HAL_Driver/Src/stm32f4xx_hal.o
 .debug_line    0x0000000000002874      0xc08 ./Drivers/STM32F4xx_HAL_Driver/Src/stm32f4xx_hal_cortex.o
 .debug_line    0x000000000000347c      0xab9 ./Drivers/STM32F4xx_HAL_Driver/Src/stm32f4xx_hal_gpio.o
 .debug_line    0x0000000000003f35      0xcde ./Drivers/STM32F4xx_HAL_Driver/Src/stm32f4xx_hal_rcc.o
 .debug_line    0x0000000000004c13     0x1377 ./Drivers/STM32F4xx_HAL_Driver/Src/stm32f4xx_hal_rcc_ex.o
 .debug_line    0x0000000000005f8a     0x1bea ./Drivers/STM32F4xx_HAL_Driver/Src/stm32f4xx_hal_spi.o
 .debug_line    0x0000000000007b74     0x29fb ./Drivers/STM32F4xx_HAL_Driver/Src/stm32f4xx_hal_uart.o
 .debug_line    0x000000000000a56f      0x850 ./FATFS/App/fatfs.o
 .debug_line    0x000000000000adbf      0x8bb ./FATFS/Target/user_diskio.o
 .debug_line    0x000000000000b67a      0xf0c ./FATFS/Target/user_diskio_spi.o
 .debug_line    0x000000000000c586      0x8dd ./Middlewares/Third_Party/FatFs/src/ff_gen_drv.o

.debug_str      0x0000000000000000    0xc9dac
 .debug_str     0x0000000000000000    0xc7334 ./Core/Src/main.o
                                      0xc7655 (size before relaxing)
 .debug_str     0x00000000000c7334       0xaa ./Core/Src/stm32f4xx_hal_msp.o
                                      0xc3cb9 (size before relaxing)
 .debug_str     0x00000000000c73de       0xc9 ./Core/Src/stm32f4xx_it.o
                                      0xc3555 (size before relaxing)
 .debug_str     0x00000000000c74a7       0xdb ./Core/Src/system_stm32f4xx.o
                                      0xc3690 (size before relaxing)
 .debug_str     0x00000000000c7582       0x34 ./Core/Startup/startup_stm32f446retx.o
                                         0x6d (size before relaxing)
 .debug_str     0x00000000000c75b6      0xb11 ./Drivers/STM32F4xx_HAL_Driver/Src/stm32f4xx_hal.o
                                      0xc4255 (size before relaxing)
 .debug_str     0x00000000000c80c7      0x354 ./Drivers/STM32F4xx_HAL_Driver/Src/stm32f4xx_hal_cortex.o
                                      0xc3f63 (size before relaxing)
 .debug_str     0x00000000000c841b      0x121 ./Drivers/STM32F4xx_HAL_Driver/Src/stm32f4xx_hal_gpio.o
                                      0xc380b (size before relaxing)
 .debug_str     0x00000000000c853c      0x233 ./Drivers/STM32F4xx_HAL_Driver/Src/stm32f4xx_hal_rcc.o
                                      0xc3ac9 (size before relaxing)
 .debug_str     0x00000000000c876f      0x324 ./Drivers/STM32F4xx_HAL_Driver/Src/stm32f4xx_hal_rcc_ex.o
                                      0xc3afc (size before relaxing)
 .debug_str     0x00000000000c8a93      0x5a2 ./Drivers/STM32F4xx_HAL_Driver/Src/stm32f4xx_hal_spi.o
                                      0xc3f2f (size before relaxing)
 .debug_str     0x00000000000c9035      0x605 ./Drivers/STM32F4xx_HAL_Driver/Src/stm32f4xx_hal_uart.o
                                      0xc403e (size before relaxing)
 .debug_str     0x00000000000c963a      0x1c6 ./FATFS/App/fatfs.o
                                      0xc6e65 (size before relaxing)
 .debug_str     0x00000000000c9800      0x14d ./FATFS/Target/user_diskio.o
                                      0xc6e47 (size before relaxing)
 .debug_str     0x00000000000c994d      0x3a5 ./FATFS/Target/user_diskio_spi.o
                                      0xc7612 (size before relaxing)
 .debug_str     0x00000000000c9cf2       0xba ./Middlewares/Third_Party/FatFs/src/ff_gen_drv.o
                                      0xc6dc5 (size before relaxing)

.debug_frame    0x0000000000000000     0x2634
 .debug_frame   0x0000000000000000       0xc4 ./Core/Src/main.o
 .debug_frame   0x00000000000000c4       0xc4 ./Core/Src/stm32f4xx_hal_msp.o
 .debug_frame   0x0000000000000188      0x104 ./Core/Src/stm32f4xx_it.o
 .debug_frame   0x000000000000028c       0x58 ./Core/Src/system_stm32f4xx.o
 .debug_frame   0x00000000000002e4      0x374 ./Drivers/STM32F4xx_HAL_Driver/Src/stm32f4xx_hal.o
 .debug_frame   0x0000000000000658      0x498 ./Drivers/STM32F4xx_HAL_Driver/Src/stm32f4xx_hal_cortex.o
 .debug_frame   0x0000000000000af0      0x14c ./Drivers/STM32F4xx_HAL_Driver/Src/stm32f4xx_hal_gpio.o
 .debug_frame   0x0000000000000c3c      0x1f4 ./Drivers/STM32F4xx_HAL_Driver/Src/stm32f4xx_hal_rcc.o
 .debug_frame   0x0000000000000e30      0x1e8 ./Drivers/STM32F4xx_HAL_Driver/Src/stm32f4xx_hal_rcc_ex.o
 .debug_frame   0x0000000000001018      0x824 ./Drivers/STM32F4xx_HAL_Driver/Src/stm32f4xx_hal_spi.o
 .debug_frame   0x000000000000183c      0x92c ./Drivers/STM32F4xx_HAL_Driver/Src/stm32f4xx_hal_uart.o
 .debug_frame   0x0000000000002168       0x4c ./FATFS/App/fatfs.o
 .debug_frame   0x00000000000021b4       0xc4 ./FATFS/Target/user_diskio.o
 .debug_frame   0x0000000000002278      0x248 ./FATFS/Target/user_diskio_spi.o
 .debug_frame   0x00000000000024c0       0xc8 ./Middlewares/Third_Party/FatFs/src/ff_gen_drv.o
 .debug_frame   0x0000000000002588       0x20 /opt/st/stm32cubeide_1.13.2/plugins/com.st.stm32cube.ide.mcu.externaltools.gnu-tools-for-stm32.11.3.rel1.linux64_1.1.1.202309131626/tools/bin/../lib/gcc/arm-none-eabi/11.3.1/../../../../arm-none-eabi/lib/thumb/v7e-m+fp/hard/libc_nano.a(libc_a-memset.o)
 .debug_frame   0x00000000000025a8       0x2c /opt/st/stm32cubeide_1.13.2/plugins/com.st.stm32cube.ide.mcu.externaltools.gnu-tools-for-stm32.11.3.rel1.linux64_1.1.1.202309131626/tools/bin/../lib/gcc/arm-none-eabi/11.3.1/../../../../arm-none-eabi/lib/thumb/v7e-m+fp/hard/libc_nano.a(libc_a-init.o)
 .debug_frame   0x00000000000025d4       0x2c /opt/st/stm32cubeide_1.13.2/plugins/com.st.stm32cube.ide.mcu.externaltools.gnu-tools-for-stm32.11.3.rel1.linux64_1.1.1.202309131626/tools/bin/../lib/gcc/arm-none-eabi/11.3.1/thumb/v7e-m+fp/hard/libgcc.a(_aeabi_uldivmod.o)
 .debug_frame   0x0000000000002600       0x34 /opt/st/stm32cubeide_1.13.2/plugins/com.st.stm32cube.ide.mcu.externaltools.gnu-tools-for-stm32.11.3.rel1.linux64_1.1.1.202309131626/tools/bin/../lib/gcc/arm-none-eabi/11.3.1/thumb/v7e-m+fp/hard/libgcc.a(_udivmoddi4.o)

.debug_line_str
                0x0000000000000000       0x61
 .debug_line_str
                0x0000000000000000       0x61 ./Core/Startup/startup_stm32f446retx.o
                                         0x79 (size before relaxing)
