10:41:35 **** Incremental Build of configuration Debug for project TASK2 ****
make -j8 all 
arm-none-eabi-gcc "../Core/Src/main.c" -mcpu=cortex-m4 -std=gnu11 -g3 -DDEBUG -DUSE_HAL_DRIVER -DSTM32F407xx -c -I../Core/Inc -I../Drivers/STM32F4xx_HAL_Driver/Inc -I../Drivers/STM32F4xx_HAL_Driver/Inc/Legacy -I../Drivers/CMSIS/Device/ST/STM32F4xx/Include -I../Drivers/CMSIS/Include -O0 -ffunction-sections -fdata-sections -Wall -fstack-usage -fcyclomatic-complexity -MMD -MP -MF"Core/Src/main.d" -MT"Core/Src/main.o" --specs=nano.specs -mfpu=fpv4-sp-d16 -mfloat-abi=hard -mthumb -o "Core/Src/main.o"
arm-none-eabi-gcc -o "TASK2.elf" @"objects.list"   -mcpu=cortex-m4 -T"C:\Users\train\Desktop\Project\STM32_Project\TASK2\STM32F407VGTX_FLASH.ld" --specs=nosys.specs -Wl,-Map="TASK2.map" -Wl,--gc-sections -static --specs=nano.specs -mfpu=fpv4-sp-d16 -mfloat-abi=hard -mthumb -Wl,--start-group -lc -lm -Wl,--end-group
Finished building target: TASK2.elf
 
arm-none-eabi-size  TASK2.elf 
arm-none-eabi-objdump -h -S TASK2.elf  > "TASK2.list"
   text	   data	    bss	    dec	    hex	filename
  12116	     96	   1984	  14196	   3774	TASK2.elf
Finished building: default.size.stdout
 
Finished building: TASK2.list
 
10:44:52 **** Incremental Build of configuration Debug for project TASK2 ****
make -j8 all 
arm-none-eabi-size  TASK2.elf 
   text	   data	    bss	    dec	    hex	filename
  12116	     96	   1984	  14196	   3774	TASK2.elf
Finished building: default.size.stdout
 
10:47:25 **** Incremental Build of configuration Debug for project TASK2 ****
make -j8 all 
arm-none-eabi-gcc "../Core/Src/main.c" -mcpu=cortex-m4 -std=gnu11 -g3 -DDEBUG -DUSE_HAL_DRIVER -DSTM32F407xx -c -I../Core/Inc -I../Drivers/STM32F4xx_HAL_Driver/Inc -I../Drivers/STM32F4xx_HAL_Driver/Inc/Legacy -I../Drivers/CMSIS/Device/ST/STM32F4xx/Include -I../Drivers/CMSIS/Include -O0 -ffunction-sections -fdata-sections -Wall -fstack-usage -fcyclomatic-complexity -MMD -MP -MF"Core/Src/main.d" -MT"Core/Src/main.o" --specs=nano.specs -mfpu=fpv4-sp-d16 -mfloat-abi=hard -mthumb -o "Core/Src/main.o"
arm-none-eabi-gcc -o "TASK2.elf" @"objects.list"   -mcpu=cortex-m4 -T"C:\Users\train\Desktop\Project\STM32_Project\TASK2\STM32F407VGTX_FLASH.ld" --specs=nosys.specs -Wl,-Map="TASK2.map" -Wl,--gc-sections -static --specs=nano.specs -mfpu=fpv4-sp-d16 -mfloat-abi=hard -mthumb -Wl,--start-group -lc -lm -Wl,--end-group
Finished building target: TASK2.elf
 
arm-none-eabi-size  TASK2.elf 
arm-none-eabi-objdump -h -S TASK2.elf  > "TASK2.list"
   text	   data	    bss	    dec	    hex	filename
  12116	     96	   1984	  14196	   3774	TASK2.elf
Finished building: default.size.stdout
 
Finished building: TASK2.list
 
10:48:57 **** Incremental Build of configuration Debug for project TASK2 ****
make -j8 all 
arm-none-eabi-gcc "../Core/Src/main.c" -mcpu=cortex-m4 -std=gnu11 -g3 -DDEBUG -DUSE_HAL_DRIVER -DSTM32F407xx -c -I../Core/Inc -I../Drivers/STM32F4xx_HAL_Driver/Inc -I../Drivers/STM32F4xx_HAL_Driver/Inc/Legacy -I../Drivers/CMSIS/Device/ST/STM32F4xx/Include -I../Drivers/CMSIS/Include -O0 -ffunction-sections -fdata-sections -Wall -fstack-usage -fcyclomatic-complexity -MMD -MP -MF"Core/Src/main.d" -MT"Core/Src/main.o" --specs=nano.specs -mfpu=fpv4-sp-d16 -mfloat-abi=hard -mthumb -o "Core/Src/main.o"
arm-none-eabi-gcc -o "TASK2.elf" @"objects.list"   -mcpu=cortex-m4 -T"C:\Users\train\Desktop\Project\STM32_Project\TASK2\STM32F407VGTX_FLASH.ld" --specs=nosys.specs -Wl,-Map="TASK2.map" -Wl,--gc-sections -static --specs=nano.specs -mfpu=fpv4-sp-d16 -mfloat-abi=hard -mthumb -Wl,--start-group -lc -lm -Wl,--end-group
Finished building target: TASK2.elf
 
arm-none-eabi-size  TASK2.elf 
arm-none-eabi-objdump -h -S TASK2.elf  > "TASK2.list"
   text	   data	    bss	    dec	    hex	filename
  12120	     96	   1984	  14200	   3778	TASK2.elf
Finished building: default.size.stdout
 
Finished building: TASK2.list
 
