2025-10-30 16:27:16,526 [INFO] Activator:176 - 


2025-10-30 16:27:16,529 [INFO] Activator:177 - !SESSION log4j initialized
2025-10-30 16:27:19,315 [INFO] LogOutputStream:77 - [STDOUT_REDIRECT] 
2025-10-30 16:27:19,767 [INFO] ApplicationProperties:184 - Using Application install path: /opt/st/stm32cubeide_1.13.2/plugins/com.st.stm32cube.common.mx_6.9.2.202309101412
2025-10-30 16:27:19,780 [INFO] DbMcusXml:78 - Set database path to: /opt/st/stm32cubeide_1.13.2/plugins/com.st.stm32cube.common.mx_6.9.2.202309101412//db//mcu/
2025-10-30 16:27:19,781 [INFO] ApiDb:274 - Set plugin database path to: /opt/st/stm32cubeide_1.13.2/plugins/com.st.stm32cube.common.mx_6.9.2.202309101412//db//plugins/boardmanager/
2025-10-30 16:27:19,781 [WARN] ApiDb:259 - Overriding images path with different value:  => /opt/st/stm32cubeide_1.13.2/plugins/com.st.stm32cube.common.mx_6.9.2.202309101412//db//plugins/mcufinder/images/
2025-10-30 16:27:19,789 [INFO] ApiDb:250 - Set database path to: /home/sunbeam/.stmcufinder/plugins/mcufinder//mcu/
2025-10-30 16:27:19,790 [INFO] DbMcusAds:125 - Set database path to: /home/sunbeam/.stmcufinder/plugins/mcufinder//mcu/
2025-10-30 16:27:19,792 [INFO] CrossReferenceDbSqlite:203 - Set database path to: /home/sunbeam/.stmcufinder/plugins/mcufinder//mcu/cs/
2025-10-30 16:27:19,857 [INFO] RulesReader:64 - Compatibility file has been processed (293 Rules)
2025-10-30 16:27:19,889 [INFO] DbMcusXml:78 - Set database path to: /opt/st/stm32cubeide_1.13.2/plugins/com.st.stm32cube.common.mx_6.9.2.202309101412//db//mcu/
2025-10-30 16:27:19,889 [INFO] ApiDb:274 - Set plugin database path to: /opt/st/stm32cubeide_1.13.2/plugins/com.st.stm32cube.common.mx_6.9.2.202309101412//db//plugins/boardmanager/
2025-10-30 16:27:19,889 [INFO] ApiDb:261 - Set plugin images path to: /opt/st/stm32cubeide_1.13.2/plugins/com.st.stm32cube.common.mx_6.9.2.202309101412//db//plugins/mcufinder/images/
2025-10-30 16:27:19,889 [WARN] DbFile:41 - Overriding database path with different value: /home/sunbeam/.stmcufinder/plugins/mcufinder/ => /home/sunbeam/.stmcufinder/plugins/mcufinder
2025-10-30 16:27:19,889 [INFO] ApiDb:250 - Set database path to: /home/sunbeam/.stmcufinder/plugins/mcufinder//mcu/
2025-10-30 16:27:19,889 [WARN] DbFile:41 - Overriding database path with different value: /home/sunbeam/.stmcufinder/plugins/mcufinder/ => /home/sunbeam/.stmcufinder/plugins/mcufinder
2025-10-30 16:27:19,889 [INFO] DbMcusAds:125 - Set database path to: /home/sunbeam/.stmcufinder/plugins/mcufinder//mcu/
2025-10-30 16:27:19,889 [WARN] DbFile:41 - Overriding database path with different value: /home/sunbeam/.stmcufinder/plugins/mcufinder/ => /home/sunbeam/.stmcufinder/plugins/mcufinder
2025-10-30 16:27:19,889 [WARN] DbFile:41 - Overriding database path with different value: /home/sunbeam/.stmcufinder/plugins/mcufinder/ => /home/sunbeam/.stmcufinder/plugins/mcufinder
2025-10-30 16:27:19,890 [INFO] CrossReferenceDbSqlite:203 - Set database path to: /home/sunbeam/.stmcufinder/plugins/mcufinder//mcu/cs/
2025-10-30 16:27:19,925 [INFO] MainPanel:262 - HeapMemory: 268435456
2025-10-30 16:27:19,991 [INFO] DbMcusXml:78 - Set database path to: /opt/st/stm32cubeide_1.13.2/plugins/com.st.stm32cube.common.mx_6.9.2.202309101412//db//mcu/
2025-10-30 16:27:19,991 [INFO] ApiDb:274 - Set plugin database path to: /opt/st/stm32cubeide_1.13.2/plugins/com.st.stm32cube.common.mx_6.9.2.202309101412//db//plugins/boardmanager/
2025-10-30 16:27:19,991 [INFO] ApiDb:261 - Set plugin images path to: /opt/st/stm32cubeide_1.13.2/plugins/com.st.stm32cube.common.mx_6.9.2.202309101412//db//plugins/mcufinder/images/
2025-10-30 16:27:19,992 [WARN] DbFile:41 - Overriding database path with different value: /home/sunbeam/.stmcufinder/plugins/mcufinder/ => /home/sunbeam/.stmcufinder/plugins/mcufinder
2025-10-30 16:27:19,992 [INFO] ApiDb:250 - Set database path to: /home/sunbeam/.stmcufinder/plugins/mcufinder//mcu/
2025-10-30 16:27:19,992 [WARN] DbFile:41 - Overriding database path with different value: /home/sunbeam/.stmcufinder/plugins/mcufinder/ => /home/sunbeam/.stmcufinder/plugins/mcufinder
2025-10-30 16:27:19,992 [INFO] DbMcusAds:125 - Set database path to: /home/sunbeam/.stmcufinder/plugins/mcufinder//mcu/
2025-10-30 16:27:19,992 [WARN] DbFile:41 - Overriding database path with different value: /home/sunbeam/.stmcufinder/plugins/mcufinder/ => /home/sunbeam/.stmcufinder/plugins/mcufinder
2025-10-30 16:27:19,992 [WARN] DbFile:41 - Overriding database path with different value: /home/sunbeam/.stmcufinder/plugins/mcufinder/ => /home/sunbeam/.stmcufinder/plugins/mcufinder
2025-10-30 16:27:19,992 [INFO] CrossReferenceDbSqlite:203 - Set database path to: /home/sunbeam/.stmcufinder/plugins/mcufinder//mcu/cs/
2025-10-30 16:27:20,005 [INFO] ApplicationProperties:184 - Using Application install path: /opt/st/stm32cubeide_1.13.2/plugins/com.st.stm32cube.common.mx_6.9.2.202309101412
2025-10-30 16:27:20,007 [INFO] PluginManage:196 - Search for loadable plugins [exclusion list=, ]
2025-10-30 16:27:20,007 [INFO] PluginManage:310 - Check plugin analytics
2025-10-30 16:27:20,115 [INFO] AnalyticsPlugin:253 - Accepted Software Licenses: 
2025-10-30 16:27:20,115 [INFO] AnalyticsPlugin:255 - Accepted CMSIS Pack Licenses: 
2025-10-30 16:27:20,115 [INFO] AnalyticsPlugin:257 - Accepted Firmware Licenses: 
2025-10-30 16:27:20,118 [INFO] PluginManage:359 - Loaded plugin analytics (category:tool,tabindex:-1)
2025-10-30 16:27:20,119 [INFO] PluginManage:310 - Check plugin cadmodel
2025-10-30 16:27:20,149 [INFO] CADModel:105 - Init CAD model plugin
2025-10-30 16:27:20,149 [INFO] PluginManage:359 - Loaded plugin cadmodel (category:power,tabindex:5)
2025-10-30 16:27:20,149 [INFO] PluginManage:310 - Check plugin clock
2025-10-30 16:27:20,159 [INFO] PluginManage:359 - Loaded plugin clock (category:base,tabindex:2)
2025-10-30 16:27:20,159 [INFO] PluginManage:310 - Check plugin ddr
2025-10-30 16:27:20,161 [INFO] PluginManage:359 - Loaded plugin ddr (category:tool,tabindex:6)
2025-10-30 16:27:20,162 [INFO] PluginManage:310 - Check plugin filemanager
2025-10-30 16:27:20,262 [INFO] PluginManage:359 - Loaded plugin filemanager (category:base,tabindex:10)
2025-10-30 16:27:20,263 [INFO] PluginManage:310 - Check plugin ipmanager
2025-10-30 16:27:20,268 [INFO] PluginManage:359 - Loaded plugin ipmanager (category:base,tabindex:5)
2025-10-30 16:27:20,268 [INFO] PluginManage:310 - Check plugin lpbam
2025-10-30 16:27:20,276 [INFO] PluginManage:359 - Loaded plugin lpbam (category:base,tabindex:0)
2025-10-30 16:27:20,277 [INFO] PluginManage:310 - Check plugin memorymap
2025-10-30 16:27:20,285 [INFO] PluginManage:359 - Loaded plugin memorymap (category:base,tabindex:4)
2025-10-30 16:27:20,285 [INFO] PluginManage:310 - Check plugin pinoutandconfiguration
2025-10-30 16:27:20,290 [INFO] PluginManage:359 - Loaded plugin pinoutandconfiguration (category:base,tabindex:1)
2025-10-30 16:27:20,290 [INFO] PluginManage:310 - Check plugin pinoutconfig
2025-10-30 16:27:20,340 [WARN] SupportedApi:132 - Cannot load RTOS API schema: s4s-elt-must-match.1: The content of 'definitions' must match (annotation?, (simpleType | complexType)?, (unique | key | keyref)*)). A problem was found starting at: attribute.
2025-10-30 16:27:20,414 [INFO] PluginManage:359 - Loaded plugin pinoutconfig (category:base,tabindex:0)
2025-10-30 16:27:20,415 [INFO] PluginManage:310 - Check plugin power
2025-10-30 16:27:20,424 [INFO] PluginManage:359 - Loaded plugin power (category:power,tabindex:4)
2025-10-30 16:27:20,424 [INFO] PluginManage:310 - Check plugin projectmanager
2025-10-30 16:27:20,433 [INFO] PluginManage:359 - Loaded plugin projectmanager (category:projectmanager,tabindex:3)
2025-10-30 16:27:20,434 [INFO] PluginManage:310 - Check plugin thirdparty
2025-10-30 16:27:20,510 [WARN] IntegrityCheckThread:84 - waiting for thirdparty lock release [integrity check]
2025-10-30 16:27:20,510 [INFO] IntegrityCheckThread:86 - entering critical section [integrity check]
2025-10-30 16:27:20,510 [INFO] PluginManage:359 - Loaded plugin thirdparty (category:base,tabindex:-1)
2025-10-30 16:27:20,510 [INFO] PluginManage:310 - Check plugin tools
2025-10-30 16:27:20,510 [INFO] ThirdPartyUpdaterWithRetryManager:70 - Updater plugin not ready yet. [1/15]
2025-10-30 16:27:20,512 [INFO] PluginManage:359 - Loaded plugin tools (category:base,tabindex:7)
2025-10-30 16:27:20,513 [INFO] PluginManage:310 - Check plugin tutovideos
2025-10-30 16:27:20,610 [INFO] PluginManage:359 - Loaded plugin tutovideos (category:base,tabindex:-1)
2025-10-30 16:27:20,610 [INFO] PluginManage:310 - Check plugin updater
2025-10-30 16:27:20,620 [INFO] PluginManage:359 - Loaded plugin updater (category:base,tabindex:12)
2025-10-30 16:27:20,620 [INFO] PluginManage:310 - Check plugin userauth
2025-10-30 16:27:20,625 [INFO] UserAuth:113 - Init User Auth plugin
2025-10-30 16:27:20,625 [INFO] PluginManage:359 - Loaded plugin userauth (category:base,tabindex:14)
2025-10-30 16:27:20,625 [INFO] PluginManage:283 - PluginManage : Loaded plugins [17]
2025-10-30 16:27:20,748 [INFO] PinOutPanel:1499 - setPackage(No Configuration,No Configuration)
2025-10-30 16:27:20,802 [INFO] CADModel:165 - CPN selected for project level
2025-10-30 16:27:20,802 [INFO] CADModel:114 - Register for checkConnection events
2025-10-30 16:27:20,811 [INFO] IPUIPlugin:80 - create IPUIPlugin
2025-10-30 16:27:20,811 [INFO] PluginManager:220 - loadIPPluginJar : add i2s
2025-10-30 16:27:20,812 [INFO] IPUIPlugin:80 - create IPUIPlugin
2025-10-30 16:27:20,812 [INFO] PluginManager:220 - loadIPPluginJar : add tim
2025-10-30 16:27:20,816 [INFO] IPUIPlugin:80 - create IPUIPlugin
2025-10-30 16:27:20,816 [INFO] PluginManager:220 - loadIPPluginJar : add stm32_wpan
2025-10-30 16:27:20,817 [INFO] IPUIPlugin:80 - create IPUIPlugin
2025-10-30 16:27:20,817 [INFO] PluginManager:220 - loadIPPluginJar : add hash
2025-10-30 16:27:20,819 [INFO] IPUIPlugin:80 - create IPUIPlugin
2025-10-30 16:27:20,819 [INFO] PluginManager:220 - loadIPPluginJar : add openamp
2025-10-30 16:27:20,824 [INFO] IPUIPlugin:80 - create IPUIPlugin
2025-10-30 16:27:20,825 [INFO] PluginManager:220 - loadIPPluginJar : add gic
2025-10-30 16:27:20,827 [INFO] IPUIPlugin:80 - create IPUIPlugin
2025-10-30 16:27:20,827 [INFO] PluginManager:220 - loadIPPluginJar : add resmgrutility
2025-10-30 16:27:20,829 [INFO] IPUIPlugin:80 - create IPUIPlugin
2025-10-30 16:27:20,829 [INFO] PluginManager:220 - loadIPPluginJar : add pdm2pcm
2025-10-30 16:27:20,830 [INFO] IPUIPlugin:80 - create IPUIPlugin
2025-10-30 16:27:20,830 [INFO] PluginManager:220 - loadIPPluginJar : add tsc
2025-10-30 16:27:20,831 [INFO] IPUIPlugin:80 - create IPUIPlugin
2025-10-30 16:27:20,831 [INFO] PluginManager:220 - loadIPPluginJar : add ltdc
2025-10-30 16:27:20,832 [INFO] IPUIPlugin:80 - create IPUIPlugin
2025-10-30 16:27:20,833 [INFO] PluginManager:220 - loadIPPluginJar : add i3c
2025-10-30 16:27:20,835 [INFO] IPUIPlugin:80 - create IPUIPlugin
2025-10-30 16:27:20,835 [INFO] PluginManager:220 - loadIPPluginJar : add usbx
2025-10-30 16:27:20,837 [INFO] IPUIPlugin:80 - create IPUIPlugin
2025-10-30 16:27:20,837 [INFO] PluginManager:220 - loadIPPluginJar : add can
2025-10-30 16:27:20,839 [INFO] IPUIPlugin:80 - create IPUIPlugin
2025-10-30 16:27:20,839 [INFO] PluginManager:220 - loadIPPluginJar : add tracer_emb
2025-10-30 16:27:20,840 [INFO] IPUIPlugin:80 - create IPUIPlugin
2025-10-30 16:27:20,840 [INFO] PluginManager:220 - loadIPPluginJar : add quadspi
2025-10-30 16:27:20,843 [INFO] IPUIPlugin:80 - create IPUIPlugin
2025-10-30 16:27:20,843 [INFO] PluginManager:220 - loadIPPluginJar : add fmc
2025-10-30 16:27:20,844 [INFO] IPUIPlugin:80 - create IPUIPlugin
2025-10-30 16:27:20,844 [INFO] PluginManager:220 - loadIPPluginJar : add ucpd
2025-10-30 16:27:20,845 [INFO] IPUIPlugin:80 - create IPUIPlugin
2025-10-30 16:27:20,845 [INFO] PluginManager:220 - loadIPPluginJar : add i2c
2025-10-30 16:27:20,846 [INFO] IPUIPlugin:80 - create IPUIPlugin
2025-10-30 16:27:20,846 [INFO] PluginManager:220 - loadIPPluginJar : add comp
2025-10-30 16:27:20,847 [INFO] IPUIPlugin:80 - create IPUIPlugin
2025-10-30 16:27:20,847 [INFO] PluginManager:220 - loadIPPluginJar : add spi
2025-10-30 16:27:20,848 [INFO] IPUIPlugin:80 - create IPUIPlugin
2025-10-30 16:27:20,848 [INFO] PluginManager:220 - loadIPPluginJar : add genericplugin
2025-10-30 16:27:20,849 [INFO] IPUIPlugin:80 - create IPUIPlugin
2025-10-30 16:27:20,849 [INFO] PluginManager:220 - loadIPPluginJar : add aes
2025-10-30 16:27:20,849 [INFO] IPUIPlugin:80 - create IPUIPlugin
2025-10-30 16:27:20,850 [INFO] PluginManager:220 - loadIPPluginJar : add ts
2025-10-30 16:27:20,851 [INFO] IPUIPlugin:80 - create IPUIPlugin
2025-10-30 16:27:20,852 [INFO] PluginManager:220 - loadIPPluginJar : add cryp
2025-10-30 16:27:20,856 [INFO] IPUIPlugin:80 - create IPUIPlugin
2025-10-30 16:27:20,856 [INFO] PluginManager:220 - loadIPPluginJar : add gpio
2025-10-30 16:27:20,858 [INFO] IPUIPlugin:80 - create IPUIPlugin
2025-10-30 16:27:20,858 [INFO] PluginManager:220 - loadIPPluginJar : add dfsdm
2025-10-30 16:27:20,862 [INFO] IPUIPlugin:80 - create IPUIPlugin
2025-10-30 16:27:20,864 [INFO] PluginManager:220 - loadIPPluginJar : add plateformsettings
2025-10-30 16:27:20,866 [INFO] IPUIPlugin:80 - create IPUIPlugin
2025-10-30 16:27:20,867 [INFO] PluginManager:220 - loadIPPluginJar : add opamp
2025-10-30 16:27:20,871 [INFO] IPUIPlugin:80 - create IPUIPlugin
2025-10-30 16:27:20,871 [INFO] PluginManager:220 - loadIPPluginJar : add mdma
2025-10-30 16:27:20,873 [INFO] IPUIPlugin:80 - create IPUIPlugin
2025-10-30 16:27:20,873 [INFO] PluginManager:220 - loadIPPluginJar : add gtzc
2025-10-30 16:27:20,874 [INFO] IPUIPlugin:80 - create IPUIPlugin
2025-10-30 16:27:20,874 [INFO] PluginManager:220 - loadIPPluginJar : add fatfs
2025-10-30 16:27:20,876 [INFO] IPUIPlugin:80 - create IPUIPlugin
2025-10-30 16:27:20,876 [INFO] PluginManager:220 - loadIPPluginJar : add usart
2025-10-30 16:27:20,878 [INFO] IPUIPlugin:80 - create IPUIPlugin
2025-10-30 16:27:20,878 [INFO] PluginManager:220 - loadIPPluginJar : add lorawan
2025-10-30 16:27:20,881 [INFO] IPUIPlugin:80 - create IPUIPlugin
2025-10-30 16:27:20,881 [INFO] PluginManager:220 - loadIPPluginJar : add adc
2025-10-30 16:27:20,886 [INFO] IPUIPlugin:80 - create IPUIPlugin
2025-10-30 16:27:20,886 [INFO] PluginManager:220 - loadIPPluginJar : add linkedlist
2025-10-30 16:27:20,887 [INFO] IPUIPlugin:80 - create IPUIPlugin
2025-10-30 16:27:20,887 [INFO] PluginManager:220 - loadIPPluginJar : add ipddr
2025-10-30 16:27:20,889 [INFO] IPUIPlugin:80 - create IPUIPlugin
2025-10-30 16:27:20,889 [INFO] PluginManager:220 - loadIPPluginJar : add dma3
2025-10-30 16:27:20,891 [INFO] IPUIPlugin:80 - create IPUIPlugin
2025-10-30 16:27:20,891 [INFO] PluginManager:220 - loadIPPluginJar : add nvic
2025-10-30 16:27:20,892 [INFO] IPUIPlugin:80 - create IPUIPlugin
2025-10-30 16:27:20,892 [INFO] PluginManager:220 - loadIPPluginJar : add sai
2025-10-30 16:27:20,893 [INFO] IPUIPlugin:80 - create IPUIPlugin
2025-10-30 16:27:20,894 [INFO] PluginManager:220 - loadIPPluginJar : add gfxmmu
2025-10-30 16:27:20,897 [INFO] IPUIPlugin:80 - create IPUIPlugin
2025-10-30 16:27:20,897 [INFO] PluginManager:220 - loadIPPluginJar : add dma
2025-10-30 16:27:20,900 [INFO] IPUIPlugin:80 - create IPUIPlugin
2025-10-30 16:27:20,900 [INFO] PluginManager:220 - loadIPPluginJar : add freertos
2025-10-30 16:27:20,902 [INFO] IPUIPlugin:80 - create IPUIPlugin
2025-10-30 16:27:20,902 [INFO] PluginManager:220 - loadIPPluginJar : add touchsensing
2025-10-30 16:27:20,992 [INFO] CADModel:165 - CPN selected for project level
2025-10-30 16:27:20,992 [INFO] CADModel:114 - Register for checkConnection events
2025-10-30 16:27:20,993 [FATAL] Updater:308 - Updater called before beeing initialized
2025-10-30 16:27:20,993 [ERROR] CADModel:125 - Updater not yet initialized, retry later 
2025-10-30 16:27:21,100 [INFO] CADModel:165 - CPN selected for project level
2025-10-30 16:27:21,101 [INFO] CADModel:114 - Register for checkConnection events
2025-10-30 16:27:21,101 [FATAL] Updater:308 - Updater called before beeing initialized
2025-10-30 16:27:21,101 [ERROR] CADModel:125 - Updater not yet initialized, retry later 
2025-10-30 16:27:21,104 [FATAL] Updater:308 - Updater called before beeing initialized
2025-10-30 16:27:21,170 [FATAL] Updater:308 - Updater called before beeing initialized
2025-10-30 16:27:21,175 [INFO] DbMcusAds:53 - JSON generation date=Thu Oct 02 15:06:05 IST 2025 (1759397765645)
2025-10-30 16:27:21,175 [FATAL] Updater:308 - Updater called before beeing initialized
2025-10-30 16:27:21,206 [WARN] DetailPanel:346 - Failed to get advertising image, set to default
2025-10-30 16:27:21,264 [FATAL] Updater:308 - Updater called before beeing initialized
2025-10-30 16:27:21,265 [FATAL] Updater:308 - Updater called before beeing initialized
2025-10-30 16:27:21,265 [FATAL] Updater:308 - Updater called before beeing initialized
2025-10-30 16:27:21,265 [WARN] DetailPanel:346 - Failed to get advertising image, set to default
2025-10-30 16:27:21,266 [FATAL] Updater:308 - Updater called before beeing initialized
2025-10-30 16:27:21,284 [ERROR] Updater:1120 - MainUpdater not yet initialized. External WinMGr cannot be set.
2025-10-30 16:27:21,285 [INFO] Updater:1056 - Updater Version found : 6.9.2
2025-10-30 16:27:21,297 [INFO] ApplicationProperties:184 - Using Application install path: /opt/st/stm32cubeide_1.13.2/plugins/com.st.stm32cube.common.mx_6.9.2.202309101412
2025-10-30 16:27:21,515 [INFO] MainUpdater:2868 - connection check result : 10
2025-10-30 16:27:21,515 [INFO] MainUpdater:3562 - Updater definition file requires update
2025-10-30 16:27:21,516 [INFO] MainUpdater:285 - Updater Check For Update Now.
2025-10-30 16:27:21,516 [INFO] MicroXplorer:498 - Change Database Version : DB.6.0.92
2025-10-30 16:27:21,521 [INFO] McuFinderGlobals:63 - Set McuFinder mode to 2 (CubeIDE integrated)
2025-10-30 16:27:21,967 [INFO] ServerAccessManage:473 - Download File updaters.zip
2025-10-30 16:27:22,012 [INFO] FileExtend:240 - Unzip File : updaters.zip
2025-10-30 16:27:22,012 [INFO] FileExtend:255 - Standard Zip Deflate
2025-10-30 16:27:22,138 [INFO] ServerAccessManage:473 - Download File PacksControlFlags.xml
2025-10-30 16:27:22,269 [INFO] ServerAccessManage:473 - Download File cubemx.pidx
2025-10-30 16:27:22,539 [INFO] ServerAccessManage:473 - Download File STMicroelectronics.FP-SNS-MOTENV1.pdsc
2025-10-30 16:27:23,511 [WARN] MainUpdater:1189 - Updater busy. Cannot search thirdparties
2025-10-30 16:27:23,511 [INFO] ThirdPartyUpdaterWithRetryManager:96 - Updater plugin is busy. [1/15]
2025-10-30 16:27:23,595 [INFO] ServerAccessManage:473 - Download File STMicroelectronics.X-CUBE-FREERTOS.pdsc
2025-10-30 16:27:25,338 [INFO] ServerAccessManage:473 - Download File STMicroelectronics.X-CUBE-GNSS1.pdsc
2025-10-30 10:57:22,250 [WARN] MainUpdater:1189 - Updater busy. Cannot search thirdparties
2025-10-30 10:57:22,250 [INFO] ThirdPartyUpdaterWithRetryManager:96 - Updater plugin is busy. [2/15]
2025-10-30 10:57:24,556 [ERROR] ServerAccessManage:1089 - Problem, file not found on Server
2025-10-30 10:57:25,068 [ERROR] ServerAccessManage:1089 - Problem, file not found on Server
2025-10-30 10:57:25,251 [WARN] MainUpdater:1189 - Updater busy. Cannot search thirdparties
2025-10-30 10:57:25,251 [INFO] ThirdPartyUpdaterWithRetryManager:96 - Updater plugin is busy. [3/15]
2025-10-30 10:57:25,535 [ERROR] ServerAccessManage:1089 - Problem, file not found on Server
2025-10-30 10:57:26,091 [ERROR] ServerAccessManage:1089 - Problem, file not found on Server
2025-10-30 10:57:26,603 [ERROR] ServerAccessManage:1089 - Problem, file not found on Server
2025-10-30 10:57:26,808 [ERROR] ServerAccessManage:1089 - Problem, file not found on Server
2025-10-30 10:57:27,217 [INFO] ServerAccessManage:473 - Download File STMicroelectronics.X-CUBE-TOUCHGFX.pdsc
2025-10-30 10:57:28,252 [WARN] MainUpdater:1189 - Updater busy. Cannot search thirdparties
2025-10-30 10:57:28,252 [INFO] ThirdPartyUpdaterWithRetryManager:96 - Updater plugin is busy. [4/15]
2025-10-30 10:57:31,252 [WARN] MainUpdater:1189 - Updater busy. Cannot search thirdparties
2025-10-30 10:57:31,252 [INFO] ThirdPartyUpdaterWithRetryManager:96 - Updater plugin is busy. [5/15]
2025-10-30 10:57:32,615 [WARN] PopulateThirdPartyThread:106 - Error when creating pack: /home/sunbeam/.stm32cubemx/thirdparties/pdsc/STMicroelectronics.FP-SNS-MOTENV1.pdsc
2025-10-30 10:57:32,632 [WARN] PackLoader:240 - Cannot read IP mode file for STMicroelectronics.X-CUBE-FREERTOS.1.3.1
2025-10-30 10:57:32,642 [WARN] PackLoader:240 - Cannot read IP mode file for STMicroelectronics.X-CUBE-GNSS1.7.1.0
2025-10-30 10:57:32,648 [WARN] PackLoader:240 - Cannot read IP mode file for STMicroelectronics.X-CUBE-TOUCHGFX.4.26.0
2025-10-30 10:57:32,649 [INFO] PopulateThirdPartyThread:66 - Ending populate Thread
2025-10-30 10:57:32,650 [INFO] ThirdParty:1030 - CMSIS Pack Vendor :STMicroelectronics X-CUBE-FREERTOS 1.3.1
2025-10-30 10:57:32,650 [INFO] ThirdParty:1030 - CMSIS Pack Vendor :STMicroelectronics X-CUBE-GNSS1 7.1.0
2025-10-30 10:57:32,650 [INFO] ThirdParty:1030 - CMSIS Pack Vendor :STMicroelectronics X-CUBE-TOUCHGFX 4.26.0
2025-10-30 10:57:32,650 [INFO] LoadServerUpdatesThread:373 - End of LoadServerUpdate Thread
2025-10-30 10:57:32,775 [INFO] CheckServerUpdateThread:120 - End of CheckServer Thread
2025-10-30 10:57:34,321 [WARN] PackLoader:240 - Cannot read IP mode file for STMicroelectronics.FP-SNS-MOTENVWB1.1.4.0
2025-10-30 10:57:34,326 [WARN] PackLoader:240 - Cannot read IP mode file for STMicroelectronics.FP-ATR-ASTRA1.2.0.2
2025-10-30 10:57:34,329 [WARN] PackLoader:240 - Cannot read IP mode file for STMicroelectronics.FP-ATR-ASTRA1.2.0.1
2025-10-30 10:57:34,333 [WARN] PackLoader:240 - Cannot read IP mode file for STMicroelectronics.X-CUBE-SMBUS.2.1.0
2025-10-30 10:57:34,339 [WARN] PackLoader:240 - Cannot read IP mode file for STMicroelectronics.X-CUBE-WB05N.1.1.0
2025-10-30 10:57:34,343 [ERROR] Engine:466 - /home/sunbeam/.stm32cubemx/thirdparties/pdsc/STMicroelectronics.X-CUBE-ST60.1.0.0.pdsc: PDSC version is not supported
2025-10-30 10:57:34,345 [WARN] PackLoader:240 - Cannot read IP mode file for STMicroelectronics.X-CUBE-TOUCHGFX.4.23.0
2025-10-30 10:57:34,365 [WARN] PackLoader:240 - Cannot read IP mode file for STMicroelectronics.X-CUBE-AZRTOS-F7.1.1.0
2025-10-30 10:57:34,375 [WARN] PackLoader:240 - Cannot read IP mode file for STMicroelectronics.FP-SNS-MOTENV1.4.3.2
2025-10-30 10:57:34,425 [WARN] PackLoader:240 - Cannot read IP mode file for STMicroelectronics.X-CUBE-MEMS1.11.0.0
2025-10-30 10:57:34,501 [ERROR] Engine:466 - /home/sunbeam/.stm32cubemx/thirdparties/pdsc/STMicroelectronics.FP-SNS-MOTENV1.5.1.0.pdsc: PDSC version is not supported
2025-10-30 10:57:34,504 [WARN] PackLoader:240 - Cannot read IP mode file for STMicroelectronics.FP-SNS-FLIGHT1.5.0.2
2025-10-30 10:57:34,514 [WARN] PackLoader:240 - Cannot read IP mode file for STMicroelectronics.X-CUBE-AZRTOS-H7.3.4.0
2025-10-30 10:57:34,519 [WARN] PackLoader:240 - Cannot read IP mode file for STMicroelectronics.X-CUBE-DISPLAY.3.0.0
2025-10-30 10:57:34,524 [WARN] PackLoader:240 - Cannot read IP mode file for STMicroelectronics.X-CUBE-BLE1.7.0.0
2025-10-30 10:57:34,527 [WARN] PackLoader:240 - Cannot read IP mode file for STMicroelectronics.X-CUBE-NFC10.1.0.0
2025-10-30 10:57:34,529 [ERROR] Engine:466 - /home/sunbeam/.stm32cubemx/thirdparties/pdsc/STMicroelectronics.X-CUBE-BLEMGR.4.0.0.pdsc: PDSC version is not supported
2025-10-30 10:57:34,531 [ERROR] Engine:466 - /home/sunbeam/.stm32cubemx/thirdparties/pdsc/STMicroelectronics.X-CUBE-ST60.1.1.0.pdsc: PDSC version is not supported
2025-10-30 10:57:34,533 [WARN] PackLoader:240 - Cannot read IP mode file for emotas.I-CUBE-CANOPEN.1.3.0
2025-10-30 10:57:34,535 [WARN] PackLoader:240 - Cannot read IP mode file for STMicroelectronics.X-CUBE-GNSS1.7.1.0
2025-10-30 10:57:34,537 [WARN] PackLoader:240 - Cannot read IP mode file for STMicroelectronics.X-CUBE-TOUCHGFX.4.22.1
2025-10-30 10:57:34,540 [WARN] PackLoader:240 - Cannot read IP mode file for STMicroelectronics.X-CUBE-BLEMGR.3.1.0
2025-10-30 10:57:34,543 [ERROR] Engine:466 - /home/sunbeam/.stm32cubemx/thirdparties/pdsc/STMicroelectronics.FP-SNS-STBOX1.2.1.0.pdsc: PDSC version is not supported
2025-10-30 10:57:34,544 [ERROR] Engine:466 - /home/sunbeam/.stm32cubemx/thirdparties/pdsc/STMicroelectronics.FP-SNS-FLIGHT1.5.1.0.pdsc: PDSC version is not supported
2025-10-30 10:57:34,569 [WARN] PackLoader:240 - Cannot read IP mode file for STMicroelectronics.X-CUBE-MEMS1.11.1.0
2025-10-30 10:57:34,629 [INFO] LogOutputStream:77 - [STDOUT_REDIRECT] 1 : Invalid condition id : UX_CORESTACK_Condition cause : null
2025-10-30 10:57:34,629 [INFO] LogOutputStream:77 - [STDOUT_REDIRECT] 1 : Invalid condition id : UX_CORESTACK_Condition cause : null
2025-10-30 10:57:34,630 [INFO] LogOutputStream:77 - [STDOUT_REDIRECT] 1 : Invalid condition id : UX_CORESTACK_Condition cause : null
2025-10-30 10:57:34,630 [INFO] LogOutputStream:77 - [STDOUT_REDIRECT] 1 : Invalid condition id : UX_CORESTACK_Condition cause : null
2025-10-30 10:57:34,630 [INFO] LogOutputStream:77 - [STDOUT_REDIRECT] 1 : Invalid condition id : UX_CORESTACK_Condition cause : null
2025-10-30 10:57:34,631 [WARN] PackLoader:240 - Cannot read IP mode file for STMicroelectronics.X-CUBE-AZRTOS-WL.2.0.0
2025-10-30 10:57:34,634 [WARN] PackLoader:240 - Cannot read IP mode file for STMicroelectronics.FP-SNS-MOTENV1.5.0.0
2025-10-30 10:57:34,636 [WARN] PackLoader:240 - Cannot read IP mode file for wolfSSL.I-CUBE-wolfMQTT.1.19.0
2025-10-30 10:57:34,639 [WARN] PackLoader:240 - Cannot read IP mode file for WES.I-CUBE-Cesium.1.3.0
2025-10-30 10:57:34,641 [WARN] PackLoader:240 - Cannot read IP mode file for STMicroelectronics.X-CUBE-BLE2.3.3.0
2025-10-30 10:57:34,643 [WARN] PackLoader:240 - Cannot read IP mode file for STMicroelectronics.X-CUBE-NFC9.1.0.0
2025-10-30 10:57:34,646 [WARN] PackLoader:240 - Cannot read IP mode file for STMicroelectronics.X-CUBE-BLE1.7.1.0
2025-10-30 10:57:34,648 [WARN] PackLoader:240 - Cannot read IP mode file for STMicroelectronics.X-CUBE-TCPP.4.1.0
2025-10-30 10:57:34,651 [WARN] PackLoader:240 - Cannot read IP mode file for STMicroelectronics.X-CUBE-EEPRMA1.5.2.0
2025-10-30 10:57:34,654 [ERROR] Engine:466 - /home/sunbeam/.stm32cubemx/thirdparties/pdsc/STMicroelectronics.X-CUBE-ST67W61.1.1.0.pdsc: PDSC version is not supported
2025-10-30 10:57:34,656 [WARN] PackLoader:240 - Cannot read IP mode file for STMicroelectronics.X-CUBE-ALGOBUILD.1.3.0
2025-10-30 10:57:34,663 [WARN] PackLoader:240 - Cannot read IP mode file for STMicroelectronics.X-CUBE-AZRTOS-G0.1.1.0
2025-10-30 10:57:34,666 [WARN] PackLoader:240 - Cannot read IP mode file for STMicroelectronics.X-CUBE-SAFEA1.1.2.2
2025-10-30 10:57:34,668 [WARN] PackLoader:240 - Cannot read IP mode file for STMicroelectronics.X-CUBE-NFC4.3.0.0
2025-10-30 10:57:34,670 [ERROR] Engine:466 - /home/sunbeam/.stm32cubemx/thirdparties/pdsc/EmbeddedOffice.I-CUBE-FS-RTOS.1.0.1.pdsc: PDSC version is not supported
2025-10-30 10:57:34,672 [WARN] PackLoader:240 - Cannot read IP mode file for STMicroelectronics.X-CUBE-WB05N.2.0.0
2025-10-30 10:57:34,676 [WARN] PackLoader:240 - Cannot read IP mode file for STMicroelectronics.X-CUBE-BLEMGR.3.0.0
2025-10-30 10:57:34,678 [ERROR] Engine:466 - /home/sunbeam/.stm32cubemx/thirdparties/pdsc/STMicroelectronics.X-CUBE-TCPP.4.2.0.pdsc: PDSC version is not supported
2025-10-30 10:57:34,679 [ERROR] Engine:466 - /home/sunbeam/.stm32cubemx/thirdparties/pdsc/RealThread.X-CUBE-RT-Thread_Nano.4.1.1.pdsc: PDSC version is not supported
2025-10-30 10:57:34,681 [WARN] PackLoader:240 - Cannot read IP mode file for STMicroelectronics.FP-ATR-SIGFOX1.3.2.0
2025-10-30 10:57:34,682 [ERROR] Engine:466 - /home/sunbeam/.stm32cubemx/thirdparties/pdsc/quantropi.X-CUBE-qispace-sdk-base.1.9.3.pdsc: PDSC version is not supported
2025-10-30 10:57:34,684 [WARN] PackLoader:240 - Cannot read IP mode file for STMicroelectronics.X-CUBE-EEPRMA1.5.1.0
2025-10-30 10:57:34,686 [ERROR] Engine:466 - /home/sunbeam/.stm32cubemx/thirdparties/pdsc/STMicroelectronics.X-CUBE-ST67W61.1.0.0.pdsc: PDSC version is not supported
2025-10-30 10:57:34,688 [WARN] PackLoader:240 - Cannot read IP mode file for STMicroelectronics.X-CUBE-AI.10.2.0
2025-10-30 10:57:34,701 [WARN] PackLoader:240 - Cannot read IP mode file for SEGGER.I-CUBE-embOS.1.3.1
2025-10-30 10:57:34,719 [WARN] PackLoader:240 - Cannot read IP mode file for STMicroelectronics.X-CUBE-ALGOBUILD.1.4.0
2025-10-30 10:57:34,738 [WARN] PackLoader:240 - Cannot read IP mode file for STMicroelectronics.X-CUBE-MEMS1.11.3.0
2025-10-30 10:57:34,794 [WARN] PackLoader:240 - Cannot read IP mode file for STMicroelectronics.X-CUBE-AI.9.1.0
2025-10-30 10:57:34,796 [WARN] PackLoader:240 - Cannot read IP mode file for STMicroelectronics.X-CUBE-PM33A1.1.0.0
2025-10-30 10:57:34,799 [WARN] PackLoader:240 - Cannot read IP mode file for STMicroelectronics.X-CUBE-GNSS1.6.0.0
2025-10-30 10:57:34,806 [WARN] PackLoader:240 - Cannot read IP mode file for STMicroelectronics.X-CUBE-AZRTOS-F4.1.1.0
2025-10-30 10:57:34,808 [WARN] PackLoader:240 - Cannot read IP mode file for wolfSSL.I-CUBE-wolfSSL.5.6.4
2025-10-30 10:57:34,810 [ERROR] Engine:466 - /home/sunbeam/.stm32cubemx/thirdparties/pdsc/Avnet-IotConnect.X-CUBE-IoTC-DA16k-PMOD.1.0.0.pdsc: PDSC version is not supported
2025-10-30 10:57:34,811 [WARN] PackLoader:240 - Cannot read IP mode file for STMicroelectronics.X-CUBE-ISPU.2.1.0
2025-10-30 10:57:34,814 [ERROR] Engine:466 - /home/sunbeam/.stm32cubemx/thirdparties/pdsc/STMicroelectronics.X-CUBE-IPS.3.2.0.pdsc: PDSC version is not supported
2025-10-30 10:57:34,816 [WARN] PackLoader:240 - Cannot read IP mode file for STMicroelectronics.X-CUBE-FREERTOS.1.2.0
2025-10-30 10:57:34,819 [WARN] PackLoader:240 - Cannot read IP mode file for STMicroelectronics.X-CUBE-NFC12.1.0.0
2025-10-30 10:57:34,826 [WARN] PackLoader:240 - Cannot read IP mode file for STMicroelectronics.X-CUBE-AZRTOS-L5.2.0.0
2025-10-30 10:57:34,842 [WARN] PackLoader:240 - Cannot read IP mode file for STMicroelectronics.X-CUBE-MEMS1.9.6.0
2025-10-30 10:57:34,910 [WARN] PackLoader:240 - Cannot read IP mode file for STMicroelectronics.X-CUBE-EEPRMA1.4.2.0
2025-10-30 10:57:34,913 [WARN] PackLoader:240 - Cannot read IP mode file for STMicroelectronics.X-CUBE-NFC6.3.1.0
2025-10-30 10:57:34,916 [WARN] PackLoader:240 - Cannot read IP mode file for ITTIA_DB.I-CUBE-ITTIADB.8.8.0
2025-10-30 10:57:34,918 [WARN] PackLoader:240 - Cannot read IP mode file for STMicroelectronics.X-CUBE-BLEMGR.2.0.0
2025-10-30 10:57:34,920 [ERROR] Engine:466 - /home/sunbeam/.stm32cubemx/thirdparties/pdsc/STMicroelectronics.X-CUBE-DPower.1.2.0.pdsc: PDSC version is not supported
2025-10-30 10:57:34,922 [WARN] PackLoader:240 - Cannot read IP mode file for STMicroelectronics.X-CUBE-AI.9.0.0
2025-10-30 10:57:34,934 [WARN] ConditionMgr:438 - getConditionDescription Invalid condition id : UX DEVICE CLASS RTOS Condition cause : null
2025-10-30 10:57:34,934 [WARN] ConditionMgr:438 - getConditionDescription Invalid condition id : UX DEVICE CLASS RTOS Condition cause : null
2025-10-30 10:57:34,937 [WARN] PackLoader:240 - Cannot read IP mode file for STMicroelectronics.X-CUBE-AZRTOS-H7.3.1.0
2025-10-30 10:57:34,938 [WARN] ConditionMgr:1039 - genDependencies : Invalid condition id : UX DEVICE CLASS RTOS Condition cause : null
2025-10-30 10:57:34,938 [WARN] ConditionMgr:1039 - genDependencies : Invalid condition id : UX DEVICE CLASS RTOS Condition cause : null
2025-10-30 10:57:34,939 [WARN] ConditionMgr:1039 - genDependencies : Invalid condition id : UX DEVICE CLASS RTOS Condition cause : null
2025-10-30 10:57:34,940 [WARN] ConditionMgr:1039 - genDependencies : Invalid condition id : UX DEVICE CLASS RTOS Condition cause : null
2025-10-30 10:57:34,940 [WARN] ConditionMgr:1039 - genDependencies : Invalid condition id : UX DEVICE CLASS RTOS Condition cause : null
2025-10-30 10:57:34,945 [WARN] PackLoader:240 - Cannot read IP mode file for STMicroelectronics.X-CUBE-FREERTOS.1.3.1
2025-10-30 10:57:34,949 [WARN] PackLoader:240 - Cannot read IP mode file for STMicroelectronics.X-CUBE-FREERTOS.1.3.0
2025-10-30 10:57:34,953 [WARN] PackLoader:240 - Cannot read IP mode file for STMicroelectronics.X-CUBE-NFC7.1.0.1
2025-10-30 10:57:34,956 [WARN] PackLoader:240 - Cannot read IP mode file for STMicroelectronics.X-CUBE-TOUCHGFX.4.26.0
2025-10-30 10:57:34,961 [WARN] PackLoader:240 - Cannot read IP mode file for STMicroelectronics.X-CUBE-NFC6.3.0.0
2025-10-30 10:57:34,966 [WARN] PackLoader:240 - Cannot read IP mode file for STMicroelectronics.X-CUBE-EEPRMA1.4.1.0
2025-10-30 10:57:34,969 [ERROR] Engine:466 - /home/sunbeam/.stm32cubemx/thirdparties/pdsc/STMicroelectronics.FP-SNS-STAIOTCFT.1.0.0.pdsc: PDSC version is not supported
2025-10-30 10:57:34,971 [ERROR] Engine:466 - /home/sunbeam/.stm32cubemx/thirdparties/pdsc/STMicroelectronics.X-CUBE-DPower.1.3.0.pdsc: PDSC version is not supported
2025-10-30 10:57:34,973 [WARN] PackLoader:240 - Cannot read IP mode file for STMicroelectronics.X-CUBE-AI.8.1.0
2025-10-30 10:57:34,986 [WARN] ConditionMgr:438 - getConditionDescription Invalid condition id : LAN8742 Phy interface Condition cause : null
2025-10-30 10:57:34,986 [WARN] PackLoader:240 - Cannot read IP mode file for STMicroelectronics.X-CUBE-AZRTOS-L4.2.0.0
2025-10-30 10:57:34,987 [WARN] ConditionMgr:1039 - genDependencies : Invalid condition id : LAN8742 Phy interface Condition cause : null
2025-10-30 10:57:34,988 [WARN] ConditionMgr:1039 - genDependencies : Invalid condition id : LAN8742 Phy interface Condition cause : null
2025-10-30 10:57:34,988 [WARN] ConditionMgr:1039 - genDependencies : Invalid condition id : LAN8742 Phy interface Condition cause : null
2025-10-30 10:57:34,993 [WARN] PackLoader:240 - Cannot read IP mode file for STMicroelectronics.X-CUBE-SFXS2LP1.4.0.0
2025-10-30 10:57:34,996 [WARN] PackLoader:240 - Cannot read IP mode file for STMicroelectronics.X-CUBE-ISPU.1.1.0
2025-10-30 10:57:35,008 [WARN] PackLoader:240 - Cannot read IP mode file for STMicroelectronics.X-CUBE-AZRTOS-H7.3.3.0
2025-10-30 10:57:35,013 [ERROR] Engine:466 - /home/sunbeam/.stm32cubemx/thirdparties/pdsc/STMicroelectronics.X-CUBE-BLEMGR.4.1.0.pdsc: PDSC version is not supported
2025-10-30 10:57:35,016 [ERROR] Engine:466 - /home/sunbeam/.stm32cubemx/thirdparties/pdsc/STMicroelectronics.X-CUBE-IPS.3.0.0.pdsc: PDSC version is not supported
2025-10-30 10:57:35,023 [WARN] ConditionMgr:438 - getConditionDescription Invalid condition id : UX DEVICE CLASS RTOS Condition cause : null
2025-10-30 10:57:35,023 [WARN] ConditionMgr:438 - getConditionDescription Invalid condition id : UX DEVICE CLASS RTOS Condition cause : null
2025-10-30 10:57:35,025 [WARN] PackLoader:240 - Cannot read IP mode file for STMicroelectronics.X-CUBE-AZRTOS-WB.2.0.0
2025-10-30 10:57:35,025 [WARN] ConditionMgr:1039 - genDependencies : Invalid condition id : UX DEVICE CLASS RTOS Condition cause : null
2025-10-30 10:57:35,025 [WARN] ConditionMgr:1039 - genDependencies : Invalid condition id : UX DEVICE CLASS RTOS Condition cause : null
2025-10-30 10:57:35,025 [WARN] ConditionMgr:1039 - genDependencies : Invalid condition id : UX DEVICE CLASS RTOS Condition cause : null
2025-10-30 10:57:35,026 [WARN] ConditionMgr:1039 - genDependencies : Invalid condition id : UX DEVICE CLASS RTOS Condition cause : null
2025-10-30 10:57:35,026 [WARN] ConditionMgr:1039 - genDependencies : Invalid condition id : UX DEVICE CLASS RTOS Condition cause : null
2025-10-30 10:57:35,029 [WARN] PackLoader:240 - Cannot read IP mode file for STMicroelectronics.X-CUBE-GNSS1.7.0.0
2025-10-30 10:57:35,033 [WARN] PackLoader:240 - Cannot read IP mode file for STMicroelectronics.X-CUBE-GNSS1.7.0.1
2025-10-30 10:57:35,035 [WARN] PackLoader:240 - Cannot read IP mode file for STMicroelectronics.X-CUBE-TOUCHGFX.4.25.0
2025-10-30 10:57:35,037 [ERROR] Engine:466 - /home/sunbeam/.stm32cubemx/thirdparties/pdsc/STMicroelectronics.FP-SNS-STBOX1.2.0.0.pdsc: PDSC version is not supported
2025-10-30 10:57:35,043 [WARN] PackLoader:240 - Cannot read IP mode file for STMicroelectronics.X-CUBE-SUBG2.5.0.0
2025-10-30 10:57:35,059 [WARN] PackLoader:240 - Cannot read IP mode file for STMicroelectronics.X-CUBE-AZRTOS-H7RS.1.1.0
2025-10-30 10:57:35,063 [WARN] PackLoader:240 - Cannot read IP mode file for Cesanta.I-CUBE-Mongoose.7.13.0
2025-10-30 10:57:35,068 [WARN] PackLoader:240 - Cannot read IP mode file for STMicroelectronics.X-CUBE-TOF1.3.3.1
2025-10-30 10:57:35,083 [WARN] PackLoader:240 - Cannot read IP mode file for STMicroelectronics.X-CUBE-AZRTOS-G4.2.0.0
2025-10-30 10:57:35,092 [WARN] PackLoader:240 - Cannot read IP mode file for Infineon.AIROC-Wi-Fi-Bluetooth-STM32.1.5.1
2025-10-30 10:57:35,097 [WARN] PackLoader:240 - Cannot read IP mode file for STMicroelectronics.X-CUBE-NFC7.2.0.0
2025-10-30 10:57:35,100 [WARN] PackLoader:240 - Cannot read IP mode file for STMicroelectronics.FP-SNS-MOTENVWB1.1.3.1
2025-10-30 10:57:35,103 [WARN] PackLoader:240 - Cannot read IP mode file for STMicroelectronics.X-CUBE-ISPU.2.0.0
2025-10-30 10:57:35,107 [ERROR] Engine:466 - /home/sunbeam/.stm32cubemx/thirdparties/pdsc/STMicroelectronics.X-CUBE-IPS.3.1.0.pdsc: PDSC version is not supported
2025-10-30 10:57:35,109 [WARN] PackLoader:240 - Cannot read IP mode file for STMicroelectronics.X-CUBE-ALS.1.0.2
2025-10-30 10:57:35,133 [WARN] PackLoader:240 - Cannot read IP mode file for STMicroelectronics.X-CUBE-MEMS1.10.0.0
2025-10-30 10:57:35,205 [WARN] PackLoader:240 - Cannot read IP mode file for STMicroelectronics.X-CUBE-FREERTOS.1.1.0
2025-10-30 10:57:35,208 [WARN] PackLoader:240 - Cannot read IP mode file for STMicroelectronics.X-CUBE-TOUCHGFX.4.24.0
2025-10-30 10:57:35,210 [WARN] PackLoader:240 - Cannot read IP mode file for STMicroelectronics.X-CUBE-TOUCHGFX.4.24.2
2025-10-30 10:57:35,212 [WARN] PackLoader:240 - Cannot read IP mode file for STMicroelectronics.X-CUBE-TOUCHGFX.4.24.1
2025-10-30 10:57:35,215 [WARN] PackLoader:240 - Cannot read IP mode file for STMicroelectronics.X-CUBE-STSE01.1.0.0
2025-10-30 10:57:35,218 [WARN] PackLoader:240 - Cannot read IP mode file for wolfSSL.I-CUBE-wolfTPM.3.4.0
2025-10-30 10:57:35,221 [WARN] PackLoader:240 - Cannot read IP mode file for portGmbH.I-Cube-SoM-uGOAL.1.1.0
2025-10-30 10:57:35,223 [WARN] PackLoader:240 - Cannot read IP mode file for STMicroelectronics.X-CUBE-ALS.1.0.1
2025-10-30 10:57:35,234 [WARN] PackLoader:240 - Cannot read IP mode file for STMicroelectronics.X-CUBE-AZRTOS-H7RS.1.0.0
2025-10-30 10:57:35,238 [WARN] PackLoader:240 - Cannot read IP mode file for STMicroelectronics.FP-ATR-ASTRA1.2.0.0
2025-10-30 10:57:35,241 [ERROR] Engine:466 - /home/sunbeam/.stm32cubemx/thirdparties/pdsc/STMicroelectronics.X-CUBE-TOF1.3.4.2.pdsc: PDSC version is not supported
2025-10-30 10:57:35,244 [ERROR] Engine:466 - /home/sunbeam/.stm32cubemx/thirdparties/pdsc/STMicroelectronics.X-CUBE-TOF1.3.4.3.pdsc: PDSC version is not supported
2025-10-30 10:57:35,250 [WARN] PackLoader:240 - Cannot read IP mode file for STMicroelectronics.X-CUBE-TOF1.3.4.0
2025-10-30 10:57:35,267 [WARN] PackLoader:240 - Cannot read IP mode file for STMicroelectronics.X-CUBE-AZRTOS-H7.3.2.0
2025-10-30 10:57:35,271 [WARN] PackLoader:240 - Cannot read IP mode file for wolfSSL.I-CUBE-wolfSSH.1.4.17
2025-10-30 10:57:35,272 [INFO] ThirdParty:978 - Integrity check success = true
2025-10-30 10:57:35,272 [INFO] IntegrityCheckThread:100 - exiting critical section [integrity check]
2025-10-30 10:57:35,272 [INFO] IntegrityCheckThread:103 - End integrity checks thread
2025-10-30 10:57:37,492 [ERROR] LogOutputStream:75 - [STDERR_REDIRECT] SLF4J: Failed to load class "org.slf4j.impl.StaticLoggerBinder".
2025-10-30 10:57:37,492 [ERROR] LogOutputStream:75 - [STDERR_REDIRECT] SLF4J: Defaulting to no-operation (NOP) logger implementation
2025-10-30 10:57:37,492 [ERROR] LogOutputStream:75 - [STDERR_REDIRECT] SLF4J: See http://www.slf4j.org/codes.html#StaticLoggerBinder for further details.
